<html>
<body>
<pre>
<h1>µVision Build Log</h1>
<h2>Project:</h2>
D:\C51\Examples\HELLO\ASG_7SEG.uvproj
Project File Date:  07/01/2025

<h2>Output:</h2>
Rebuild target 'Target 1'
assembling Startup.s...
compiling delay.c...
compiling even_odd_7seg.c...
linking...
Program Size: Code=1300 RO-data=44 RW-data=8 ZI-data=1256  
FromELF: creating hex file...
".\even_odd_7seg.axf" - 0 Error(s), 0 Warning(s).
</pre>
</body>
</html>
en_seg_asg1.axf" - 1 Error(s), 0 Warning(s).
Target not created
: creating hex file...
".\seven_seg_asg1.axf" - 0 Error(s), 1 Warning(s).
 
FromELF: creating hex file...
".\seven_seg_asg1.axf" - 0 Error(s), 2 Warning(s).
_asg1.axf" - 3 Error(s), 0 Warning(s).
Target not created
