<html>
<body>
<pre>
<h1>µVision Build Log</h1>
<h2>Project:</h2>
D:\C51\Examples\HELLO\ASG_7SEG.uvproj
Project File Date:  07/01/2025

<h2>Output:</h2>
Rebuild target 'Target 1'
assembling Startup.s...
compiling delay.c...
compiling min_secs_timer.c...
compiling seg1.c...
linking...
Program Size: Code=1604 RO-data=28 RW-data=0 ZI-data=1256  
FromELF: creating hex file...
".\min_ses_timer111.axf" - 0 Error(s), 0 Warning(s).
referred from min_secs_timer.o).
Not enough information to list image symbols.
Finished: 1 information, 0 warning and 2 error messages.
".\7seg_asg_cnt.axf" - 2 Error(s), 0 Warning(s).
Target not created
