<html>
<body>
<pre>
<h1>µVision Build Log</h1>
<h2>Project:</h2>
D:\C51\Examples\HELLO\ADC.uvproj
Project File Date:  07/30/2025

<h2>Output:</h2>
Rebuild target 'Target 1'
assembling Startup.s...
compiling lm35_test.c...
compiling lm35.c...
compiling adc.c...
compiling lcd.c...
compiling pin_connect_block.c...
compiling delay.c...
linking...
Program Size: Code=4536 RO-data=32 RW-data=4 ZI-data=1260  
FromELF: creating hex file...
".\adc_test.axf" - 0 Error(s), 0 Warning(s).
</pre>
</body>
</html>

".\ADC.axf" - 0 Error(s), 1 Warning(s).
 #1-D: last line of file ends without a newline
  }
lm35.c: 1 warning, 2 errors
compiling adc.c...
compiling lcd.c...
compiling pin_connect_block.c...
pin_connect_block.c(17): warning:  #1-D: last line of file ends without a newline
  }
pin_connect_block.c: 1 warning, 0 errors
compiling delay.c...
".\ADC.axf" - 2 Error(s), 3 Warning(s).
Target not created
 warning, 0 errors
compiling delay.c...
".\ADC.axf" - 3 Error(s), 3 Warning(s).
Target not created
...
compiling pin_connect_block.c...
pin_connect_block.h(2): warning:  #1-D: last line of file ends without a newline
  void cfgportpin(u32 portno,s32 pinno,u32 pinfunc);
pin_connect_block.c(17): warning:  #1-D: last line of file ends without a newline
  }
pin_connect_block.c: 2 warnings, 0 errors
".\ADC.axf" - 3 Error(s), 6 Warning(s).
Target not created
