<html>
<body>
<pre>
<h1>µVision Build Log</h1>
<h2>Project:</h2>
D:\C51\Examples\HELLO\ADC.uvproj
Project File Date:  07/30/2025

<h2>Output:</h2>
Rebuild target 'Target 1'
assembling Startup.s...
compiling lm35_test.c...
compiling lm35.c...
compiling adc.c...
compiling lcd.c...
compiling pin_connect_block.c...
compiling delay.c...
linking...
Program Size: Code=4536 RO-data=32 RW-data=4 ZI-data=1260  
FromELF: creating hex file...
".\adc_test.axf" - 0 Error(s), 0 Warning(s).
</pre>
</body>
</html>
