<html>
<body>
<pre>
<h1>µVision Build Log</h1>
<h2>Project:</h2>
D:\C51\Examples\HELLO\KPM.uvproj
Project File Date:  07/30/2025

<h2>Output:</h2>
Rebuild target 'Target 1'
assembling Startup.s...
compiling kpm.c...
compiling lcd.c...
compiling delay.c...
compiling rtc.c...
rtc.c(140): warning:  #167-D: argument of type "u8 *" is incompatible with parameter of type "s8 *"
        Strlcd(week[day]);  
rtc.c: 1 warning, 0 errors
compiling sample2222.c...
linking...
Program Size: Code=5132 RO-data=32 RW-data=48 ZI-data=1256  
FromELF: creating hex file...
".\sample222222.axf" - 0 Error(s), 1 Warning(s).
</pre>
</body>
</html>
a=1256  
FromELF: creating hex file...
".\calci.axf" - 0 Error(s), 2 Warning(s).
rning:  #1-D: last line of file ends without a newline
  }
sample2222.c: 3 warnings, 0 errors
linking...
.\calci.axf: Error: L6218E: Undefined symbol cmdlcd (referred from sample2222.o).
.\calci.axf: Error: L6218E: Undefined symbol u32lcd (referred from sample2222.o).
Not enough information to list image symbols.
Finished: 1 information, 0 warning and 2 error messages.
".\calci.axf" - 2 Error(s), 4 Warning(s).
Target not created
         GetRTCDateInfo(&d, &mo, &y);
sample2222.c(113): warning:  #167-D: argument of type "u32 *" is incompatible with parameter of type "s32 *"
          GetRTCDateInfo(&d, &mo, &y);
sample2222.c: 6 warnings, 0 errors
linking...
.\calci.axf: Error: L6218E: Undefined symbol readnum (referred from sample2222.o).
Not enough information to list image symbols.
Finished: 1 information, 0 warning and 1 error messages.
".\calci.axf" - 1 Error(s), 7 Warning(s).
Target not created
2222.o).
Not enough information to list image symbols.
Finished: 1 information, 0 warning and 2 error messages.
".\calci.axf" - 2 Error(s), 8 Warning(s).
Target not created
