<html>
<body>
<pre>
<h1>µVision Build Log</h1>
<h2>Project:</h2>
D:\C51\Examples\HELLO\ALPHANUMERIC_CHAR_LCD.uvproj
Project File Date:  07/27/2025

<h2>Output:</h2>
Rebuild target 'Target 1'
assembling Startup.s...
compiling lcd.c...
compiling delay.c...
compiling new.c...
linking...
Program Size: Code=3532 RO-data=828 RW-data=0 ZI-data=1256  
FromELF: creating hex file...
".\new.axf" - 0 Error(s), 0 Warning(s).
</pre>
</body>
</html>
ata=0 ZI-data=1256  
FromELF: creating hex file...
".\new.axf" - 0 Error(s), 1 Warning(s).
d (by new.o and dummy.o).
Not enough information to list image symbols.
Not enough information to list the image map.
Finished: 2 information, 0 warning and 3 error messages.
".\new.axf" - 3 Error(s), 0 Warning(s).
Target not created
list image symbols.
Not enough information to list the image map.
Finished: 2 information, 0 warning and 3 error messages.
".\new.axf" - 3 Error(s), 1 Warning(s).
Target not created
