<html>
<body>
<pre>
<h1>µVision Build Log</h1>
<h2>Project:</h2>
D:\C51\Examples\HELLO\ALPHANUMERIC_CHAR_LCD.uvproj
Project File Date:  07/25/2025

<h2>Output:</h2>
Rebuild target 'Target 1'
assembling Startup.s...
compiling lcd.c...
compiling delay.c...
compiling rtc_main.c...
compiling rtc.c...
linking...
Program Size: Code=4024 RO-data=32 RW-data=56 ZI-data=1256  
FromELF: creating hex file...
".\dum.axf" - 0 Error(s), 0 Warning(s).
</pre>
</body>
</html>
 newline
  }
rtc.c: 1 warning, 0 errors
linking...
Program Size: Code=4024 RO-data=32 RW-data=56 ZI-data=1256  
FromELF: creating hex file...
".\dummy.axf" - 0 Error(s), 2 Warning(s).
n.o).
.\dummy.axf: Error: L6218E: Undefined symbol GetRTCDateInfo (referred from rtc_main.o).
.\dummy.axf: Error: L6218E: Undefined symbol GetRTCDay (referred from rtc_main.o).
.\dummy.axf: Error: L6218E: Undefined symbol GetRTCTimeInfo (referred from rtc_main.o).
.\dummy.axf: Error: L6218E: Undefined symbol RTC_Init (referred from rtc_main.o).
.\dummy.axf: Error: L6218E: Undefined symbol SetRTCDateInfo (referred from rtc_main.o).
.\dummy.axf: Error: L6218E: Undefined symbol SetRTCDay (referred from rtc_main.o).
.\dummy.axf: Error: L6218E: Undefined symbol SetRTCTimeInfo (referred from rtc_main.o).
Not enough information to list image symbols.
Finished: 1 information, 0 warning and 10 error messages.
".\dummy.axf" - 10 Error(s), 1 Warning(s).
Target not created
(referred from rtc_main.o).
.\dummy.axf: Error: L6218E: Undefined symbol SetRTCDateInfo (referred from rtc_main.o).
.\dummy.axf: Error: L6218E: Undefined symbol SetRTCDay (referred from rtc_main.o).
.\dummy.axf: Error: L6218E: Undefined symbol SetRTCTimeInfo (referred from rtc_main.o).
.\dummy.axf: Error: L6218E: Undefined symbol StrLCD (referred from rtc_main.o).
Not enough information to list image symbols.
Finished: 1 information, 0 warning and 13 error messages.
".\dummy.axf" - 13 Error(s), 4 Warning(s).
Target not created
