<html>
<body>
<pre>
<h1>µVision Build Log</h1>
<h2>Project:</h2>
D:\C51\Examples\HELLO\ASG_7SEG.uvproj
Project File Date:  07/01/2025

<h2>Output:</h2>
Rebuild target 'Target 1'
assembling Startup.s...
compiling delay.c...
compiling seven_seg_asg3.c...
linking...
Program Size: Code=1536 RO-data=44 RW-data=8 ZI-data=1256  
FromELF: creating hex file...
".\seven_seg_asg3.axf" - 0 Error(s), 0 Warning(s).
</pre>
</body>
</html>
At end of source:  #12-D: parsing restarts here after previous syntax error
seven_seg_asg3.c: 1 warning, 2 errors
".\even_odd_7seg.axf" - 2 Error(s), 1 Warning(s).
Target not created
