<html>
<body>
<pre>
<h1>µVision Build Log</h1>
<h2>Project:</h2>
D:\C51\Examples\HELLO\KPM.uvproj
Project File Date:  07/27/2025

<h2>Output:</h2>
Rebuild target 'Target 1'
assembling Startup.s...
compiling calculator.c...
compiling kpm.c...
compiling lcd.c...
compiling delay.c...
linking...
Program Size: Code=3980 RO-data=32 RW-data=16 ZI-data=1256  
FromELF: creating hex file...
".\calci.axf" - 0 Error(s), 0 Warning(s).
</pre>
</body>
</html>

FromELF: creating hex file...
".\calci.axf" - 0 Error(s), 1 Warning(s).
d);
kpm.c(55): warning:  #1-D: last line of file ends without a newline
  }
kpm.c: 2 warnings, 0 errors
compiling lcd.c...
compiling delay.c...
linking...
Program Size: Code=3968 RO-data=32 RW-data=16 ZI-data=1256  
FromELF: creating hex file...
".\calci.axf" - 0 Error(s), 4 Warning(s).
o).
Not enough information to list image symbols.
Finished: 1 information, 0 warning and 2 error messages.
".\calci.axf" - 2 Error(s), 4 Warning(s).
Target not created
.c(74): warning:  #1-D: last line of file ends without a newline
  }
calculator.c: 8 warnings, 0 errors
compiling kpm.c...
kpm.h(7): warning:  #1-D: last line of file ends without a newline
  u32 readnum(void);
kpm.c(55): warning:  #1-D: last line of file ends without a newline
  }
kpm.c: 2 warnings, 0 errors
compiling lcd.c...
linking...
.\calci.axf: Error: L6218E: Undefined symbol charlcd (referred from calculator.o).
.\calci.axf: Error: L6218E: Undefined symbol cmdlcd (referred from calculator.o).
.\calci.axf: Error: L6218E: Undefined symbol delay_ms (referred from calculator.o).
.\calci.axf: Error: L6218E: Undefined symbol initlcd (referred from calculator.o).
.\calci.axf: Error: L6218E: Undefined symbol strlcd (referred from calculator.o).
.\calci.axf: Error: L6218E: Undefined symbol u32lcd (referred from calculator.o).
.\calci.axf: Error: L6218E: Undefined symbol delay_us (referred from lcd.o).
Not enough information to list image symbols.
Finished: 1 information, 0 warning and 7 error messages.
".\calci.axf" - 7 Error(s), 10 Warning(s).
Target not created
