<html>
<body>
<pre>
<h1>µVision Build Log</h1>
<h2>Project:</h2>
D:\C51\Examples\HELLO\ALPHANUMERIC_CHAR_LCD.uvproj
Project File Date:  07/24/2025

<h2>Output:</h2>
Rebuild target 'Target 1'
assembling Startup.s...
compiling lcd.c...
compiling delay.c...
compiling dummy.c...
linking...
Program Size: Code=3748 RO-data=32 RW-data=460 ZI-data=1260  
FromELF: creating hex file...
".\dummy.axf" - 0 Error(s), 0 Warning(s).
ot created
".\dummy.axf" - 1 Error(s), 0 Warning(s).
Target not created
ar [62]" cannot be used to initialize an entity of type "s8 [40]"
  s8 msg3[40] = "C module lab exam in 4th floor lab2 and middle lab at 10:30AM";
dummy.c(59): error:  #144: a value of type "char [52]" cannot be used to initialize an entity of type "s8 [40]"
  s8 msg5[40] = "ARM Workshop on external interrupts in LAB1 at 10AM";
dummy.c(60): error:  #144: a value of type "char [53]" cannot be used to initialize an entity of type "s8 [40]"
  s8 msg6[40] = "ARM kit issue time from 10AM – 10:30AM in middle lab";
dummy.c(61): error:  #144: a value of type "char [45]" cannot be used to initialize an entity of type "s8 [40]"
  s8 msg7[40] = "Only 15 mins break time for next ARM session";
dummy.c: 0 warnings, 5 errors
".\dummy.axf" - 5 Error(s), 0 Warning(s).
Target not created
