<html>
<body>
<pre>
<h1>µVision Build Log</h1>
<h2>Project:</h2>
D:\C51\Examples\HELLO\ALPHANUMERIC_CHAR_LCD.uvproj
Project File Date:  09/16/2025

<h2>Output:</h2>
Rebuild target 'Target 1'
assembling Startup.s...
compiling lcd.c...
compiling delay.c...
compiling lcd_rem_spaces.c...
linking...
Program Size: Code=3724 RO-data=32 RW-data=64 ZI-data=1288  
FromELF: creating hex file...
".\lcd_prime.axf" - 0 Error(s), 0 Warning(s).
</pre>
</body>
</html>
prime.axf: Error: L6200E: Symbol str1 multiply defined (by capitalize_only_fl.o and convert_fl_char.o).
.\lcd_prime.axf: Error: L6200E: Symbol main multiply defined (by capitalize_only_fl.o and convert_fl_char.o).
Not enough information to list image symbols.
Not enough information to list the image map.
Finished: 2 information, 0 warning and 3 error messages.
".\lcd_prime.axf" - 3 Error(s), 0 Warning(s).
Target not created
