ARM Linker, 5.03 [Build 76] [MDK-ARM Lite]

==============================================================================

Section Cross References

    startup.o(STACK) refers (Special) to heapauxi.o(.text) for __use_two_region_memory
    startup.o(HEAP) refers (Special) to heapauxi.o(.text) for __use_two_region_memory
    startup.o(RESET) refers (Special) to heapauxi.o(.text) for __use_two_region_memory
    startup.o(RESET) refers to startup.o(STACK) for Stack_Top
    startup.o(RESET) refers to __main.o(!!!main) for __main
    startup.o(.text) refers (Special) to heapauxi.o(.text) for __use_two_region_memory
    startup.o(.text) refers to startup.o(HEAP) for Heap_Mem
    startup.o(.text) refers to startup.o(STACK) for Stack_Mem
    rtc.o(.text) refers to lcd.o(.text) for Cmdlcd
    rtc.o(.text) refers to aeabi_sdiv.o(.text_udiv) for __aeabi_uidivmod
    rtc.o(.text) refers to rtc.o(.data) for week
    lcd.o(.text) refers to delay.o(.text) for delay_us
    lcd.o(.text) refers to aeabi_sdiv.o(.text_udiv) for __aeabi_uidivmod
    lcd.o(.text) refers to fleqf.o(x$fpl$fleqf) for __aeabi_cfcmple
    lcd.o(.text) refers to ffixu.o(x$fpl$ffixu) for __aeabi_f2uiz
    lcd.o(.text) refers to fflt_noclz.o(x$fpl$ffltu) for __aeabi_ui2f
    lcd.o(.text) refers to faddsub_noclz.o(x$fpl$frsb) for __aeabi_frsub
    lcd.o(.text) refers to fmul.o(x$fpl$fmul) for __aeabi_fmul
    new.o(.text) refers to delay.o(.text) for delay_ms
    new.o(.text) refers to lcd.o(.text) for Initlcd
    new.o(.text) refers to kpm.o(.text) for initkpm
    new.o(.text) refers to rtc.o(.text) for RTC_Init
    new.o(.text) refers to extint0.o(.text) for eint0_enable
    new.o(.text) refers to admin_mode.o(.text) for admin_mode
    new.o(.text) refers to lm35.o(.text) for Read_LM35
    new.o(.text) refers to new.o(.data) for admin_flag
    adc.o(.text) refers to pin_connect_block.o(.text) for cfgportpin
    adc.o(.text) refers to delay.o(.text) for delay_us
    adc.o(.text) refers to dflt_noclz.o(x$fpl$dfltu) for __aeabi_ui2d
    adc.o(.text) refers to dmul.o(x$fpl$dmul) for __aeabi_dmul
    adc.o(.text) refers to d2f.o(x$fpl$d2f) for __aeabi_d2f
    lm35.o(.text) refers to adc.o(.text) for Init_ADC
    lm35.o(.text) refers to fmul.o(x$fpl$fmul) for __aeabi_fmul
    lm35.o(.text) refers to ffixu.o(x$fpl$ffixu) for __aeabi_f2uiz
    lm35.o(.text) refers to lm35.o(.data) for flag
    extint0.o(.text) refers to pin_connect_block.o(.text) for cfgportpin
    extint0.o(.text) refers to new.o(.data) for admin_flag
    kpm.o(.text) refers to kpm.o(.data) for kpmlut
    admin_mode.o(.text) refers to lcd.o(.text) for Cmdlcd
    admin_mode.o(.text) refers to kpm.o(.text) for key_scan
    admin_mode.o(.text) refers to delay.o(.text) for delay_ms
    admin_mode.o(.text) refers to rtc.o(.text) for GetRTCTimeInfo
    admin_mode.o(.text) refers to new.o(.data) for messageList
    admin_mode.o(.text) refers to admin_mode.o(.data) for sec
    aeabi_sdiv.o(.text_udiv) refers to aeabi_sdiv.o(.text) for __arm_div2
    aeabi_sdiv_div0.o(.text_udiv) refers to aeabi_sdiv_div0.o(.text) for __arm_div2
    __main.o(!!!main) refers to rtentry.o(.ARM.Collect$$rtentry$$00000000) for __rt_entry
    d2f.o(x$fpl$d2f) refers (Special) to usenofp.o(x$fpl$usenofp) for __I$use$fp
    d2f.o(x$fpl$d2f) refers to fretinf.o(x$fpl$fretinf) for __fpl_fretinf
    d2f.o(x$fpl$d2f) refers to dnaninf.o(x$fpl$dnaninf) for __fpl_dnaninf
    dflt_noclz.o(x$fpl$dfltu) refers (Special) to usenofp.o(x$fpl$usenofp) for __I$use$fp
    dflt_noclz.o(x$fpl$dfltu) refers to dflt_noclz.o(x$fpl$dflt) for __dflt_normalise
    dflt_noclz.o(x$fpl$dflt) refers (Special) to usenofp.o(x$fpl$usenofp) for __I$use$fp
    dmul.o(x$fpl$dmul) refers (Special) to usenofp.o(x$fpl$usenofp) for __I$use$fp
    dmul.o(x$fpl$dmul) refers to dretinf.o(x$fpl$dretinf) for __fpl_dretinf
    dmul.o(x$fpl$dmul) refers to dnaninf.o(x$fpl$dnaninf) for __fpl_dnaninf
    faddsub_noclz.o(x$fpl$fadd) refers (Special) to usenofp.o(x$fpl$usenofp) for __I$use$fp
    faddsub_noclz.o(x$fpl$fadd) refers to faddsub_noclz.o(x$fpl$fsub) for _fsub1
    faddsub_noclz.o(x$fpl$fadd) refers to fretinf.o(x$fpl$fretinf) for __fpl_fretinf
    faddsub_noclz.o(x$fpl$fadd) refers to fnaninf.o(x$fpl$fnaninf) for __fpl_fnaninf
    faddsub_noclz.o(x$fpl$frsb) refers (Special) to usenofp.o(x$fpl$usenofp) for __I$use$fp
    faddsub_noclz.o(x$fpl$frsb) refers to faddsub_noclz.o(x$fpl$fadd) for _fadd1
    faddsub_noclz.o(x$fpl$frsb) refers to faddsub_noclz.o(x$fpl$fsub) for _fsub1
    faddsub_noclz.o(x$fpl$fsub) refers (Special) to usenofp.o(x$fpl$usenofp) for __I$use$fp
    faddsub_noclz.o(x$fpl$fsub) refers to faddsub_noclz.o(x$fpl$fadd) for _fadd1
    faddsub_noclz.o(x$fpl$fsub) refers to fnaninf.o(x$fpl$fnaninf) for __fpl_fnaninf
    ffixu.o(x$fpl$ffixu) refers (Special) to usenofp.o(x$fpl$usenofp) for __I$use$fp
    ffixu.o(x$fpl$ffixu) refers to fnaninf.o(x$fpl$fnaninf) for __fpl_fnaninf
    ffixu.o(x$fpl$ffixur) refers (Special) to usenofp.o(x$fpl$usenofp) for __I$use$fp
    ffixu.o(x$fpl$ffixur) refers to fnaninf.o(x$fpl$fnaninf) for __fpl_fnaninf
    fflt_noclz.o(x$fpl$ffltu) refers (Special) to usenofp.o(x$fpl$usenofp) for __I$use$fp
    fflt_noclz.o(x$fpl$ffltu) refers to fflt_noclz.o(x$fpl$fflt) for __fflt_normalise
    fflt_noclz.o(x$fpl$fflt) refers (Special) to usenofp.o(x$fpl$usenofp) for __I$use$fp
    fleqf.o(x$fpl$fleqf) refers (Special) to usenofp.o(x$fpl$usenofp) for __I$use$fp
    fleqf.o(x$fpl$fleqf) refers to fnaninf.o(x$fpl$fnaninf) for __fpl_fnaninf
    fleqf.o(x$fpl$fleqf) refers to fcmpi.o(x$fpl$fcmpinf) for __fpl_fcmp_Inf
    fmul.o(x$fpl$fmul) refers (Special) to usenofp.o(x$fpl$usenofp) for __I$use$fp
    fmul.o(x$fpl$fmul) refers to fretinf.o(x$fpl$fretinf) for __fpl_fretinf
    fmul.o(x$fpl$fmul) refers to fnaninf.o(x$fpl$fnaninf) for __fpl_fnaninf
    rtentry.o(.ARM.Collect$$rtentry$$00000000) refers (Special) to rtentry2.o(.ARM.Collect$$rtentry$$0000000A) for __rt_entry_li
    rtentry.o(.ARM.Collect$$rtentry$$00000000) refers (Special) to rtentry2.o(.ARM.Collect$$rtentry$$0000000D) for __rt_entry_main
    rtentry.o(.ARM.Collect$$rtentry$$00000000) refers (Special) to rtentry2.o(.ARM.Collect$$rtentry$$0000000C) for __rt_entry_postli_1
    rtentry.o(.ARM.Collect$$rtentry$$00000000) refers (Special) to rtentry2.o(.ARM.Collect$$rtentry$$00000009) for __rt_entry_postsh_1
    rtentry.o(.ARM.Collect$$rtentry$$00000000) refers (Special) to rtentry2.o(.ARM.Collect$$rtentry$$00000002) for __rt_entry_presh_1
    rtentry.o(.ARM.Collect$$rtentry$$00000000) refers (Special) to rtentry4.o(.ARM.Collect$$rtentry$$00000004) for __rt_entry_sh
    aeabi_idiv0_sigfpe.o(.text) refers to rt_div0.o(.text) for __rt_div0
    dnaninf.o(x$fpl$dnaninf) refers (Special) to usenofp.o(x$fpl$usenofp) for __I$use$fp
    dretinf.o(x$fpl$dretinf) refers (Special) to usenofp.o(x$fpl$usenofp) for __I$use$fp
    fcmpi.o(x$fpl$fcmpinf) refers (Special) to usenofp.o(x$fpl$usenofp) for __I$use$fp
    fnaninf.o(x$fpl$fnaninf) refers (Special) to usenofp.o(x$fpl$usenofp) for __I$use$fp
    fretinf.o(x$fpl$fretinf) refers (Special) to usenofp.o(x$fpl$usenofp) for __I$use$fp
    rtentry2.o(.ARM.Collect$$rtentry$$00000008) refers to boardinit2.o(.text) for _platform_post_stackheap_init
    rtentry2.o(.ARM.Collect$$rtentry$$0000000A) refers to libinit.o(.ARM.Collect$$libinit$$00000000) for __rt_lib_init
    rtentry2.o(.ARM.Collect$$rtentry$$0000000B) refers to boardinit3.o(.text) for _platform_post_lib_init
    rtentry2.o(.ARM.Collect$$rtentry$$0000000D) refers to exit.o(.text) for exit
    rtentry2.o(.ARM.Collect$$rtentry$$0000000D) refers to new.o(.text) for main
    rtentry2.o(.ARM.exidx) refers to rtentry2.o(.ARM.Collect$$rtentry$$00000001) for .ARM.Collect$$rtentry$$00000001
    rtentry2.o(.ARM.exidx) refers to rtentry2.o(.ARM.Collect$$rtentry$$00000008) for .ARM.Collect$$rtentry$$00000008
    rtentry2.o(.ARM.exidx) refers to rtentry2.o(.ARM.Collect$$rtentry$$0000000A) for .ARM.Collect$$rtentry$$0000000A
    rtentry2.o(.ARM.exidx) refers to rtentry2.o(.ARM.Collect$$rtentry$$0000000B) for .ARM.Collect$$rtentry$$0000000B
    rtentry2.o(.ARM.exidx) refers to rtentry2.o(.ARM.Collect$$rtentry$$0000000D) for .ARM.Collect$$rtentry$$0000000D
    rtentry4.o(.ARM.Collect$$rtentry$$00000004) refers to sys_stackheap_outer.o(.text) for __user_setup_stackheap
    rtentry4.o(.ARM.exidx) refers to rtentry4.o(.ARM.Collect$$rtentry$$00000004) for .ARM.Collect$$rtentry$$00000004
    rt_div0.o(.text) refers to defsig_fpe_outer.o(.text) for __rt_SIGFPE
    sys_stackheap_outer.o(.text) refers to libspace.o(.text) for __user_perproc_libspace
    sys_stackheap_outer.o(.text) refers to startup.o(.text) for __user_initial_stackheap
    exit.o(.text) refers to rtexit.o(.ARM.Collect$$rtexit$$00000000) for __rt_exit
    defsig_fpe_outer.o(.text) refers to defsig_fpe_inner.o(.text) for __rt_SIGFPE_inner
    defsig_fpe_outer.o(.text) refers to defsig_exit.o(.text) for __sig_exit
    defsig_fpe_formal.o(.text) refers to rt_raise.o(.text) for __rt_raise
    libinit.o(.ARM.Collect$$libinit$$00000000) refers (Special) to libinit2.o(.ARM.Collect$$libinit$$0000002C) for __rt_lib_init_alloca_1
    libinit.o(.ARM.Collect$$libinit$$00000000) refers (Special) to libinit2.o(.ARM.Collect$$libinit$$0000002A) for __rt_lib_init_argv_1
    libinit.o(.ARM.Collect$$libinit$$00000000) refers (Special) to libinit2.o(.ARM.Collect$$libinit$$00000019) for __rt_lib_init_atexit_1
    libinit.o(.ARM.Collect$$libinit$$00000000) refers (Special) to libinit2.o(.ARM.Collect$$libinit$$0000001F) for __rt_lib_init_clock_1
    libinit.o(.ARM.Collect$$libinit$$00000000) refers (Special) to libinit2.o(.ARM.Collect$$libinit$$00000030) for __rt_lib_init_cpp_1
    libinit.o(.ARM.Collect$$libinit$$00000000) refers (Special) to libinit2.o(.ARM.Collect$$libinit$$0000002E) for __rt_lib_init_exceptions_1
    libinit.o(.ARM.Collect$$libinit$$00000000) refers (Special) to libinit2.o(.ARM.Collect$$libinit$$00000002) for __rt_lib_init_fp_1
    libinit.o(.ARM.Collect$$libinit$$00000000) refers (Special) to libinit2.o(.ARM.Collect$$libinit$$0000001D) for __rt_lib_init_fp_trap_1
    libinit.o(.ARM.Collect$$libinit$$00000000) refers (Special) to libinit2.o(.ARM.Collect$$libinit$$00000021) for __rt_lib_init_getenv_1
    libinit.o(.ARM.Collect$$libinit$$00000000) refers (Special) to libinit2.o(.ARM.Collect$$libinit$$00000008) for __rt_lib_init_heap_1
    libinit.o(.ARM.Collect$$libinit$$00000000) refers (Special) to libinit2.o(.ARM.Collect$$libinit$$0000000F) for __rt_lib_init_lc_collate_1
    libinit.o(.ARM.Collect$$libinit$$00000000) refers (Special) to libinit2.o(.ARM.Collect$$libinit$$00000011) for __rt_lib_init_lc_ctype_1
    libinit.o(.ARM.Collect$$libinit$$00000000) refers (Special) to libinit2.o(.ARM.Collect$$libinit$$00000013) for __rt_lib_init_lc_monetary_1
    libinit.o(.ARM.Collect$$libinit$$00000000) refers (Special) to libinit2.o(.ARM.Collect$$libinit$$00000015) for __rt_lib_init_lc_numeric_1
    libinit.o(.ARM.Collect$$libinit$$00000000) refers (Special) to libinit2.o(.ARM.Collect$$libinit$$00000017) for __rt_lib_init_lc_time_1
    libinit.o(.ARM.Collect$$libinit$$00000000) refers (Special) to libinit2.o(.ARM.Collect$$libinit$$0000000C) for __rt_lib_init_rand_1
    libinit.o(.ARM.Collect$$libinit$$00000000) refers (Special) to libinit2.o(.ARM.Collect$$libinit$$00000031) for __rt_lib_init_return
    libinit.o(.ARM.Collect$$libinit$$00000000) refers (Special) to libinit2.o(.ARM.Collect$$libinit$$0000001B) for __rt_lib_init_signal_1
    libinit.o(.ARM.Collect$$libinit$$00000000) refers (Special) to libinit2.o(.ARM.Collect$$libinit$$00000023) for __rt_lib_init_stdio_1
    libinit.o(.ARM.Collect$$libinit$$00000000) refers (Special) to libinit2.o(.ARM.Collect$$libinit$$0000000A) for __rt_lib_init_user_alloc_1
    libspace.o(.text) refers to libspace.o(.bss) for __libspace_start
    rtexit.o(.ARM.Collect$$rtexit$$00000000) refers (Special) to rtexit2.o(.ARM.Collect$$rtexit$$00000004) for __rt_exit_exit
    rtexit.o(.ARM.Collect$$rtexit$$00000000) refers (Special) to rtexit2.o(.ARM.Collect$$rtexit$$00000003) for __rt_exit_ls
    rtexit.o(.ARM.Collect$$rtexit$$00000000) refers (Special) to rtexit2.o(.ARM.Collect$$rtexit$$00000002) for __rt_exit_prels_1
    rtexit.o(.ARM.exidx) refers (Special) to rtexit2.o(.ARM.Collect$$rtexit$$00000004) for __rt_exit_exit
    rtexit.o(.ARM.exidx) refers (Special) to rtexit2.o(.ARM.Collect$$rtexit$$00000003) for __rt_exit_ls
    rtexit.o(.ARM.exidx) refers (Special) to rtexit2.o(.ARM.Collect$$rtexit$$00000002) for __rt_exit_prels_1
    rtexit.o(.ARM.exidx) refers to rtexit.o(.ARM.Collect$$rtexit$$00000000) for .ARM.Collect$$rtexit$$00000000
    rt_raise.o(.text) refers to __raise.o(.text) for __raise
    rt_raise.o(.text) refers to sys_exit.o(.text) for _sys_exit
    defsig_exit.o(.text) refers to sys_exit.o(.text) for _sys_exit
    defsig_fpe_inner.o(.text) refers to defsig_general.o(.text) for __default_signal_display
    libinit2.o(.ARM.Collect$$libinit$$00000001) refers to fpinit.o(x$fpl$fpinit) for _fp_init
    libinit2.o(.ARM.Collect$$libinit$$0000000E) refers to libinit2.o(.ARM.Collect$$libinit$$0000000D) for .ARM.Collect$$libinit$$0000000D
    libinit2.o(.ARM.Collect$$libinit$$00000010) refers to libinit2.o(.ARM.Collect$$libinit$$0000000D) for .ARM.Collect$$libinit$$0000000D
    libinit2.o(.ARM.Collect$$libinit$$00000012) refers to libinit2.o(.ARM.Collect$$libinit$$0000000D) for .ARM.Collect$$libinit$$0000000D
    libinit2.o(.ARM.Collect$$libinit$$00000014) refers to libinit2.o(.ARM.Collect$$libinit$$0000000D) for .ARM.Collect$$libinit$$0000000D
    libinit2.o(.ARM.Collect$$libinit$$00000016) refers to libinit2.o(.ARM.Collect$$libinit$$0000000D) for .ARM.Collect$$libinit$$0000000D
    libinit2.o(.ARM.Collect$$libinit$$00000024) refers to argv_veneer.o(.emb_text) for __ARM_argv_veneer
    libinit2.o(.ARM.Collect$$libinit$$00000025) refers to argv_veneer.o(.emb_text) for __ARM_argv_veneer
    sys_exit.o(.text) refers (Special) to use_no_semi.o(.text) for __I$use$semihosting
    sys_exit.o(.text) refers (Special) to indicate_semi.o(.text) for __semihosting_library_function
    rtexit2.o(.ARM.Collect$$rtexit$$00000003) refers to libshutdown.o(.ARM.Collect$$libshutdown$$00000000) for __rt_lib_shutdown
    rtexit2.o(.ARM.Collect$$rtexit$$00000004) refers to sys_exit.o(.text) for _sys_exit
    rtexit2.o(.ARM.exidx) refers to rtexit2.o(.ARM.Collect$$rtexit$$00000001) for .ARM.Collect$$rtexit$$00000001
    rtexit2.o(.ARM.exidx) refers to rtexit2.o(.ARM.Collect$$rtexit$$00000003) for .ARM.Collect$$rtexit$$00000003
    rtexit2.o(.ARM.exidx) refers to rtexit2.o(.ARM.Collect$$rtexit$$00000004) for .ARM.Collect$$rtexit$$00000004
    __raise.o(.text) refers to __raise.o(i.__ARM_common_call_via_r2) for __ARM_common_call_via_r2
    __raise.o(.text) refers to defsig.o(CL$$defsig) for __default_signal_handler
    defsig_general.o(.text) refers to sys_wrch.o(.text) for _ttywrch
    argv_veneer.o(.emb_text) refers to no_argv.o(.text) for __ARM_get_argv
    sys_wrch.o(.text) refers (Special) to use_no_semi.o(.text) for __I$use$semihosting
    sys_wrch.o(.text) refers (Special) to indicate_semi.o(.text) for __semihosting_library_function
    defsig.o(CL$$defsig) refers to defsig_fpe_inner.o(.text) for __rt_SIGFPE_inner
    defsig.o(CL$$defsig) refers to defsig_rtmem_inner.o(.text) for __rt_SIGRTMEM_inner
    _get_argv_nomalloc.o(.text) refers (Special) to hrguard.o(.text) for __heap_region$guard
    _get_argv_nomalloc.o(.text) refers to defsig_rtmem_outer.o(.text) for __rt_SIGRTMEM
    _get_argv_nomalloc.o(.text) refers to sys_command.o(.text) for _sys_command_string
    libshutdown.o(.ARM.Collect$$libshutdown$$00000000) refers (Special) to libshutdown2.o(.ARM.Collect$$libshutdown$$00000006) for __rt_lib_shutdown_fp_trap_1
    libshutdown.o(.ARM.Collect$$libshutdown$$00000000) refers (Special) to libshutdown2.o(.ARM.Collect$$libshutdown$$0000000E) for __rt_lib_shutdown_heap_1
    libshutdown.o(.ARM.Collect$$libshutdown$$00000000) refers (Special) to libshutdown2.o(.ARM.Collect$$libshutdown$$0000000F) for __rt_lib_shutdown_return
    libshutdown.o(.ARM.Collect$$libshutdown$$00000000) refers (Special) to libshutdown2.o(.ARM.Collect$$libshutdown$$00000009) for __rt_lib_shutdown_signal_1
    libshutdown.o(.ARM.Collect$$libshutdown$$00000000) refers (Special) to libshutdown2.o(.ARM.Collect$$libshutdown$$00000003) for __rt_lib_shutdown_stdio_1
    libshutdown.o(.ARM.Collect$$libshutdown$$00000000) refers (Special) to libshutdown2.o(.ARM.Collect$$libshutdown$$0000000B) for __rt_lib_shutdown_user_alloc_1
    sys_command.o(.text) refers (Special) to use_no_semi.o(.text) for __I$use$semihosting
    sys_command.o(.text) refers (Special) to indicate_semi.o(.text) for __semihosting_library_function
    defsig_abrt_inner.o(.text) refers to defsig_general.o(.text) for __default_signal_display
    defsig_rtred_inner.o(.text) refers to defsig_general.o(.text) for __default_signal_display
    defsig_rtmem_inner.o(.text) refers to defsig_general.o(.text) for __default_signal_display
    defsig_rtmem_outer.o(.text) refers to defsig_rtmem_inner.o(.text) for __rt_SIGRTMEM_inner
    defsig_rtmem_outer.o(.text) refers to defsig_exit.o(.text) for __sig_exit
    defsig_rtmem_formal.o(.text) refers to rt_raise.o(.text) for __rt_raise
    defsig_stak_inner.o(.text) refers to defsig_general.o(.text) for __default_signal_display
    defsig_pvfn_inner.o(.text) refers to defsig_general.o(.text) for __default_signal_display
    defsig_cppl_inner.o(.text) refers to defsig_general.o(.text) for __default_signal_display
    defsig_segv_inner.o(.text) refers to defsig_general.o(.text) for __default_signal_display
    defsig_other.o(.text) refers to defsig_general.o(.text) for __default_signal_display


==============================================================================

Adding Veneers to the image

    Adding AT veneer (8 bytes, Inline) for call to '__rt_lib_init' from rtentry2.o(.ARM.Collect$$rtentry$$0000000A).
    Adding AT veneer (8 bytes, Inline) for call to '__rt_lib_shutdown' from rtexit2.o(.ARM.Collect$$rtexit$$00000003).
    Adding TA veneer (4 bytes, Inline) for call to '__rt_exit' from exit.o(.text).
    Adding AT veneer (8 bytes, Inline) for call to '_sys_exit' from rtexit2.o(.ARM.Collect$$rtexit$$00000004).

4 Veneer(s) (total 28 bytes) added to the image.

==============================================================================

Image Symbol Table

    Local Symbols

    Symbol Name                              Value     Ov Type        Size  Object(Section)

    RESET                                    0x00000000   Section      272  startup.o(RESET)
    ../clib/angel/boardlib.s                 0x00000000   Number         0  boardinit1.o ABSOLUTE
    ../clib/angel/boardlib.s                 0x00000000   Number         0  boardinit3.o ABSOLUTE
    ../clib/angel/boardlib.s                 0x00000000   Number         0  boardshut.o ABSOLUTE
    ../clib/angel/boardlib.s                 0x00000000   Number         0  boardinit2.o ABSOLUTE
    ../clib/angel/dclz77c.s                  0x00000000   Number         0  __dclz77c.o ABSOLUTE
    ../clib/angel/handlers.s                 0x00000000   Number         0  __scatter_zi.o ABSOLUTE
    ../clib/angel/kernel.s                   0x00000000   Number         0  rtexit2.o ABSOLUTE
    ../clib/angel/kernel.s                   0x00000000   Number         0  rtexit.o ABSOLUTE
    ../clib/angel/kernel.s                   0x00000000   Number         0  rtentry.o ABSOLUTE
    ../clib/angel/kernel.s                   0x00000000   Number         0  rtentry4.o ABSOLUTE
    ../clib/angel/kernel.s                   0x00000000   Number         0  rtentry2.o ABSOLUTE
    ../clib/angel/rt.s                       0x00000000   Number         0  rt_raise.o ABSOLUTE
    ../clib/angel/rt.s                       0x00000000   Number         0  aeabi_idiv0.o ABSOLUTE
    ../clib/angel/rt.s                       0x00000000   Number         0  aeabi_idiv0_sigfpe.o ABSOLUTE
    ../clib/angel/rt.s                       0x00000000   Number         0  rt_div0.o ABSOLUTE
    ../clib/angel/scatter.s                  0x00000000   Number         0  __scatter.o ABSOLUTE
    ../clib/angel/startup.s                  0x00000000   Number         0  __main.o ABSOLUTE
    ../clib/angel/sys.s                      0x00000000   Number         0  indicate_semi.o ABSOLUTE
    ../clib/angel/sys.s                      0x00000000   Number         0  use_no_semi.o ABSOLUTE
    ../clib/angel/sys.s                      0x00000000   Number         0  sys_stackheap_outer.o ABSOLUTE
    ../clib/angel/sys.s                      0x00000000   Number         0  libspace.o ABSOLUTE
    ../clib/angel/sysapp.c                   0x00000000   Number         0  sys_wrch.o ABSOLUTE
    ../clib/angel/sysapp.c                   0x00000000   Number         0  sys_command.o ABSOLUTE
    ../clib/angel/sysapp.c                   0x00000000   Number         0  sys_exit.o ABSOLUTE
    ../clib/armsys.c                         0x00000000   Number         0  _get_argv_nomalloc.o ABSOLUTE
    ../clib/armsys.c                         0x00000000   Number         0  no_argv.o ABSOLUTE
    ../clib/armsys.c                         0x00000000   Number         0  argv_veneer.o ABSOLUTE
    ../clib/armsys.c                         0x00000000   Number         0  argv_veneer.o ABSOLUTE
    ../clib/division.s                       0x00000000   Number         0  aeabi_sdiv_div0.o ABSOLUTE
    ../clib/division.s                       0x00000000   Number         0  aeabi_sdiv.o ABSOLUTE
    ../clib/divrt.s                          0x00000000   Number         0  divrt_7tdmi_div0.o ABSOLUTE
    ../clib/divrt.s                          0x00000000   Number         0  divrt_7tdmi.o ABSOLUTE
    ../clib/heapalloc.c                      0x00000000   Number         0  hrguard.o ABSOLUTE
    ../clib/heapaux.c                        0x00000000   Number         0  heapauxi.o ABSOLUTE
    ../clib/libinit.s                        0x00000000   Number         0  libshutdown2.o ABSOLUTE
    ../clib/libinit.s                        0x00000000   Number         0  libshutdown.o ABSOLUTE
    ../clib/libinit.s                        0x00000000   Number         0  libinit.o ABSOLUTE
    ../clib/libinit.s                        0x00000000   Number         0  libinit2.o ABSOLUTE
    ../clib/signal.c                         0x00000000   Number         0  defsig_rtmem_inner.o ABSOLUTE
    ../clib/signal.c                         0x00000000   Number         0  defsig_rtred_inner.o ABSOLUTE
    ../clib/signal.c                         0x00000000   Number         0  defsig_cppl_inner.o ABSOLUTE
    ../clib/signal.c                         0x00000000   Number         0  defsig_abrt_inner.o ABSOLUTE
    ../clib/signal.c                         0x00000000   Number         0  defsig_segv_inner.o ABSOLUTE
    ../clib/signal.c                         0x00000000   Number         0  defsig_other.o ABSOLUTE
    ../clib/signal.c                         0x00000000   Number         0  defsig_stak_inner.o ABSOLUTE
    ../clib/signal.c                         0x00000000   Number         0  defsig_pvfn_inner.o ABSOLUTE
    ../clib/signal.c                         0x00000000   Number         0  defsig_fpe_outer.o ABSOLUTE
    ../clib/signal.c                         0x00000000   Number         0  defsig_exit.o ABSOLUTE
    ../clib/signal.c                         0x00000000   Number         0  defsig_fpe_formal.o ABSOLUTE
    ../clib/signal.c                         0x00000000   Number         0  __raise.o ABSOLUTE
    ../clib/signal.c                         0x00000000   Number         0  defsig_general.o ABSOLUTE
    ../clib/signal.c                         0x00000000   Number         0  defsig_fpe_inner.o ABSOLUTE
    ../clib/signal.c                         0x00000000   Number         0  defsig_rtmem_formal.o ABSOLUTE
    ../clib/signal.c                         0x00000000   Number         0  defsig_rtmem_outer.o ABSOLUTE
    ../clib/signal.s                         0x00000000   Number         0  defsig.o ABSOLUTE
    ../clib/stdlib.c                         0x00000000   Number         0  exit.o ABSOLUTE
    ../fplib/d2f.s                           0x00000000   Number         0  d2f.o ABSOLUTE
    ../fplib/dflt.s                          0x00000000   Number         0  dflt_noclz.o ABSOLUTE
    ../fplib/dmul.s                          0x00000000   Number         0  dmul.o ABSOLUTE
    ../fplib/dnaninf.s                       0x00000000   Number         0  dnaninf.o ABSOLUTE
    ../fplib/dretinf.s                       0x00000000   Number         0  dretinf.o ABSOLUTE
    ../fplib/faddsub.s                       0x00000000   Number         0  faddsub_noclz.o ABSOLUTE
    ../fplib/fcmpi.s                         0x00000000   Number         0  fcmpi.o ABSOLUTE
    ../fplib/ffixu.s                         0x00000000   Number         0  ffixu.o ABSOLUTE
    ../fplib/fflt.s                          0x00000000   Number         0  fflt_noclz.o ABSOLUTE
    ../fplib/fleqf.s                         0x00000000   Number         0  fleqf.o ABSOLUTE
    ../fplib/fmul.s                          0x00000000   Number         0  fmul.o ABSOLUTE
    ../fplib/fnaninf.s                       0x00000000   Number         0  fnaninf.o ABSOLUTE
    ../fplib/fpinit.s                        0x00000000   Number         0  fpinit.o ABSOLUTE
    ../fplib/fretinf.s                       0x00000000   Number         0  fretinf.o ABSOLUTE
    ../fplib/usenofp.s                       0x00000000   Number         0  usenofp.o ABSOLUTE
    Startup.s                                0x00000000   Number         0  startup.o ABSOLUTE
    adc.c                                    0x00000000   Number         0  adc.o ABSOLUTE
    admin_mode.c                             0x00000000   Number         0  admin_mode.o ABSOLUTE
    dc.s                                     0x00000000   Number         0  dc.o ABSOLUTE
    delay.c                                  0x00000000   Number         0  delay.o ABSOLUTE
    extint0.c                                0x00000000   Number         0  extint0.o ABSOLUTE
    kpm.c                                    0x00000000   Number         0  kpm.o ABSOLUTE
    lcd.c                                    0x00000000   Number         0  lcd.o ABSOLUTE
    lm35.c                                   0x00000000   Number         0  lm35.o ABSOLUTE
    new.c                                    0x00000000   Number         0  new.o ABSOLUTE
    pin_connect_block.c                      0x00000000   Number         0  pin_connect_block.o ABSOLUTE
    rtc.c                                    0x00000000   Number         0  rtc.o ABSOLUTE
    Undef_Handler                            0x00000040   ARM Code       4  startup.o(RESET)
    SWI_Handler                              0x00000044   ARM Code       4  startup.o(RESET)
    PAbt_Handler                             0x00000048   ARM Code       4  startup.o(RESET)
    DAbt_Handler                             0x0000004c   ARM Code       4  startup.o(RESET)
    IRQ_Handler                              0x00000050   ARM Code       4  startup.o(RESET)
    FIQ_Handler                              0x00000054   ARM Code       4  startup.o(RESET)
    !!!main                                  0x00000110   Section        8  __main.o(!!!main)
    !!!scatter                               0x00000118   Section       60  __scatter.o(!!!scatter)
    !!dclz77c                                0x00000154   Section       96  __dclz77c.o(!!dclz77c)
    _decompress_loop                         0x0000015f   Thumb Code     0  __dclz77c.o(!!dclz77c)
    _decompress_getlen                       0x0000016d   Thumb Code     0  __dclz77c.o(!!dclz77c)
    _decompress_lits                         0x00000175   Thumb Code     0  __dclz77c.o(!!dclz77c)
    _decompress_lit                          0x00000179   Thumb Code     0  __dclz77c.o(!!dclz77c)
    _decompress_setupcopy                    0x00000185   Thumb Code     0  __dclz77c.o(!!dclz77c)
    _decompress_setupcopy_shortx             0x0000019b   Thumb Code     0  __dclz77c.o(!!dclz77c)
    _decompress_copy                         0x000001a1   Thumb Code     0  __dclz77c.o(!!dclz77c)
    _decompress_end                          0x000001ad   Thumb Code     0  __dclz77c.o(!!dclz77c)
    !!handler_zi                             0x000001b4   Section       44  __scatter_zi.o(!!handler_zi)
    .ARM.Collect$$libinit$$00000000          0x000001e8   Section        2  libinit.o(.ARM.Collect$$libinit$$00000000)
    .ARM.Collect$$libinit$$00000002          0x000001ea   Section        0  libinit2.o(.ARM.Collect$$libinit$$00000002)
    .ARM.Collect$$libinit$$00000008          0x000001ea   Section        0  libinit2.o(.ARM.Collect$$libinit$$00000008)
    .ARM.Collect$$libinit$$0000000A          0x000001ea   Section        0  libinit2.o(.ARM.Collect$$libinit$$0000000A)
    .ARM.Collect$$libinit$$0000000C          0x000001ea   Section        0  libinit2.o(.ARM.Collect$$libinit$$0000000C)
    .ARM.Collect$$libinit$$0000000F          0x000001ea   Section        0  libinit2.o(.ARM.Collect$$libinit$$0000000F)
    .ARM.Collect$$libinit$$00000011          0x000001ea   Section        0  libinit2.o(.ARM.Collect$$libinit$$00000011)
    .ARM.Collect$$libinit$$00000013          0x000001ea   Section        0  libinit2.o(.ARM.Collect$$libinit$$00000013)
    .ARM.Collect$$libinit$$00000015          0x000001ea   Section        0  libinit2.o(.ARM.Collect$$libinit$$00000015)
    .ARM.Collect$$libinit$$00000017          0x000001ea   Section        0  libinit2.o(.ARM.Collect$$libinit$$00000017)
    .ARM.Collect$$libinit$$00000019          0x000001ea   Section        0  libinit2.o(.ARM.Collect$$libinit$$00000019)
    .ARM.Collect$$libinit$$0000001B          0x000001ea   Section        0  libinit2.o(.ARM.Collect$$libinit$$0000001B)
    .ARM.Collect$$libinit$$0000001D          0x000001ea   Section        0  libinit2.o(.ARM.Collect$$libinit$$0000001D)
    .ARM.Collect$$libinit$$0000001F          0x000001ea   Section        0  libinit2.o(.ARM.Collect$$libinit$$0000001F)
    .ARM.Collect$$libinit$$00000021          0x000001ea   Section        0  libinit2.o(.ARM.Collect$$libinit$$00000021)
    .ARM.Collect$$libinit$$00000023          0x000001ea   Section        0  libinit2.o(.ARM.Collect$$libinit$$00000023)
    .ARM.Collect$$libinit$$0000002A          0x000001ea   Section        0  libinit2.o(.ARM.Collect$$libinit$$0000002A)
    .ARM.Collect$$libinit$$0000002C          0x000001ea   Section        0  libinit2.o(.ARM.Collect$$libinit$$0000002C)
    .ARM.Collect$$libinit$$0000002E          0x000001ea   Section        0  libinit2.o(.ARM.Collect$$libinit$$0000002E)
    .ARM.Collect$$libinit$$00000030          0x000001ea   Section        0  libinit2.o(.ARM.Collect$$libinit$$00000030)
    .ARM.Collect$$libinit$$00000031          0x000001ea   Section       12  libinit2.o(.ARM.Collect$$libinit$$00000031)
    .ARM.Collect$$libshutdown$$00000000      0x00000200   Section        4  libshutdown.o(.ARM.Collect$$libshutdown$$00000000)
    .ARM.Collect$$libshutdown$$00000003      0x00000204   Section        0  libshutdown2.o(.ARM.Collect$$libshutdown$$00000003)
    .ARM.Collect$$libshutdown$$00000006      0x00000204   Section        0  libshutdown2.o(.ARM.Collect$$libshutdown$$00000006)
    .ARM.Collect$$libshutdown$$00000009      0x00000204   Section        0  libshutdown2.o(.ARM.Collect$$libshutdown$$00000009)
    .ARM.Collect$$libshutdown$$0000000B      0x00000204   Section        0  libshutdown2.o(.ARM.Collect$$libshutdown$$0000000B)
    .ARM.Collect$$libshutdown$$0000000E      0x00000204   Section        0  libshutdown2.o(.ARM.Collect$$libshutdown$$0000000E)
    .ARM.Collect$$libshutdown$$0000000F      0x00000204   Section        6  libshutdown2.o(.ARM.Collect$$libshutdown$$0000000F)
    .ARM.Collect$$rtentry$$00000000          0x0000020c   Section        0  rtentry.o(.ARM.Collect$$rtentry$$00000000)
    .ARM.Collect$$rtentry$$00000002          0x0000020c   Section        0  rtentry2.o(.ARM.Collect$$rtentry$$00000002)
    .ARM.Collect$$rtentry$$00000004          0x0000020c   Section        8  rtentry4.o(.ARM.Collect$$rtentry$$00000004)
    .ARM.Collect$$rtentry$$00000009          0x00000214   Section        0  rtentry2.o(.ARM.Collect$$rtentry$$00000009)
    .ARM.Collect$$rtentry$$0000000A          0x00000214   Section        4  rtentry2.o(.ARM.Collect$$rtentry$$0000000A)
    .ARM.Collect$$rtentry$$0000000C          0x00000218   Section        0  rtentry2.o(.ARM.Collect$$rtentry$$0000000C)
    .ARM.Collect$$rtentry$$0000000D          0x00000218   Section       40  rtentry2.o(.ARM.Collect$$rtentry$$0000000D)
    .ARM.Collect$$rtexit$$00000000           0x00000244   Section        4  rtexit.o(.ARM.Collect$$rtexit$$00000000)
    .ARM.Collect$$rtexit$$00000002           0x00000248   Section        0  rtexit2.o(.ARM.Collect$$rtexit$$00000002)
    .ARM.Collect$$rtexit$$00000003           0x00000248   Section        4  rtexit2.o(.ARM.Collect$$rtexit$$00000003)
    .ARM.Collect$$rtexit$$00000004           0x0000024c   Section        8  rtexit2.o(.ARM.Collect$$rtexit$$00000004)
    .text                                    0x00000254   Section       32  startup.o(.text)
    .text                                    0x00000274   Section        0  rtc.o(.text)
    .text                                    0x000004cc   Section        0  lcd.o(.text)
    .text                                    0x00000758   Section        0  delay.o(.text)
    .text                                    0x000007b4   Section        0  new.o(.text)
    .text                                    0x00000aa8   Section        0  adc.o(.text)
    .text                                    0x00000b98   Section        0  lm35.o(.text)
    .text                                    0x00000c04   Section        0  pin_connect_block.o(.text)
    .text                                    0x00000c90   Section        0  extint0.o(.text)
    .text                                    0x00000d5c   Section        0  kpm.o(.text)
    .text                                    0x00000e88   Section        0  admin_mode.o(.text)
    .text                                    0x00001434   Section      384  aeabi_sdiv.o(.text)
    __arm_div8                               0x00001460   ARM Code       0  aeabi_sdiv.o(.text)
    __arm_div5                               0x00001484   ARM Code       0  aeabi_sdiv.o(.text)
    __arm_div2                               0x000014a8   ARM Code       0  aeabi_sdiv.o(.text)
    __arm_div_large                          0x000014e4   ARM Code       0  aeabi_sdiv.o(.text)
    .text                                    0x000015b4   Section        0  heapauxi.o(.text)
    .text                                    0x000015bc   Section       96  sys_stackheap_outer.o(.text)
    .text                                    0x0000161c   Section        0  exit.o(.text)
    .text                                    0x00001628   Section       12  libspace.o(.text)
    .text                                    0x0000163c   Section        0  sys_exit.o(.text)
    .text                                    0x00001648   Section        4  use_no_semi.o(.text)
    .text                                    0x0000164c   Section        0  indicate_semi.o(.text)
    .text_udiv                               0x0000164c   Section       36  aeabi_sdiv.o(.text_udiv)
    x$fpl$d2f                                0x00001670   Section      108  d2f.o(x$fpl$d2f)
    x$fpl$dflt                               0x000016dc   Section       88  dflt_noclz.o(x$fpl$dflt)
    x$fpl$dfltu                              0x00001734   Section       12  dflt_noclz.o(x$fpl$dfltu)
    x$fpl$dmul                               0x00001740   Section      384  dmul.o(x$fpl$dmul)
    x$fpl$dnaninf                            0x000018c0   Section      192  dnaninf.o(x$fpl$dnaninf)
    x$fpl$dretinf                            0x00001980   Section       16  dretinf.o(x$fpl$dretinf)
    x$fpl$fadd                               0x00001990   Section      196  faddsub_noclz.o(x$fpl$fadd)
    _fadd1                                   0x0000199c   ARM Code       0  faddsub_noclz.o(x$fpl$fadd)
    x$fpl$fcmpinf                            0x00001a54   Section       28  fcmpi.o(x$fpl$fcmpinf)
    x$fpl$ffixu                              0x00001a70   Section       84  ffixu.o(x$fpl$ffixu)
    x$fpl$fflt                               0x00001ac4   Section       92  fflt_noclz.o(x$fpl$fflt)
    x$fpl$ffltu                              0x00001b20   Section        8  fflt_noclz.o(x$fpl$ffltu)
    x$fpl$fleqf                              0x00001b28   Section      132  fleqf.o(x$fpl$fleqf)
    x$fpl$fmul                               0x00001bac   Section      256  fmul.o(x$fpl$fmul)
    x$fpl$fnaninf                            0x00001cac   Section      168  fnaninf.o(x$fpl$fnaninf)
    x$fpl$fretinf                            0x00001d54   Section       16  fretinf.o(x$fpl$fretinf)
    x$fpl$frsb                               0x00001d64   Section       20  faddsub_noclz.o(x$fpl$frsb)
    x$fpl$fsub                               0x00001d78   Section      304  faddsub_noclz.o(x$fpl$fsub)
    _fsub1                                   0x00001d84   ARM Code       0  faddsub_noclz.o(x$fpl$fsub)
    x$fpl$usenofp                            0x00001ea8   Section        0  usenofp.o(x$fpl$usenofp)
    .data                                    0x40000000   Section       28  rtc.o(.data)
    .data                                    0x4000001c   Section      924  new.o(.data)
    .data                                    0x400003b8   Section        8  lm35.o(.data)
    flag                                     0x400003b8   Data           4  lm35.o(.data)
    .data                                    0x400003c0   Section       16  kpm.o(.data)
    .data                                    0x400003d0   Section       32  admin_mode.o(.data)
    .bss                                     0x400003f0   Section       96  libspace.o(.bss)
    HEAP                                     0x40000450   Section        0  startup.o(HEAP)
    STACK                                    0x40000450   Section     1160  startup.o(STACK)
    Heap_Mem                                 0x40000450   Data           0  startup.o(HEAP)
    Stack_Mem                                0x40000450   Data        1024  startup.o(STACK)
    Stack_Top                                0x400008d8   Data           0  startup.o(STACK)

    Global Symbols

    Symbol Name                              Value     Ov Type        Size  Object(Section)

    BuildAttributes$$THM_ISAv1$ARM_ISAv4$S$PE$A:L22$X:L11$S22$IEEE1$IW$USESV6$~STKCKD$USESV7$~SHL$OSPACE$ROPI$EBA8$UX$STANDARDLIB$REQ8$PRES8$EABIv2 0x00000000   Number         0  anon$$obj.o ABSOLUTE
    __ARM_use_no_argv                        0x00000000   Number         0  new.o ABSOLUTE
    __ARM_exceptions_init                     - Undefined Weak Reference
    __alloca_initialize                       - Undefined Weak Reference
    __cpp_initialize__aeabi_                  - Undefined Weak Reference
    __cxa_finalize                            - Undefined Weak Reference
    __rt_locale                               - Undefined Weak Reference
    __sigvec_lookup                           - Undefined Weak Reference
    _atexit_init                              - Undefined Weak Reference
    _call_atexit_fns                          - Undefined Weak Reference
    _clock_init                               - Undefined Weak Reference
    _fp_trap_init                             - Undefined Weak Reference
    _fp_trap_shutdown                         - Undefined Weak Reference
    _get_lc_collate                           - Undefined Weak Reference
    _get_lc_ctype                             - Undefined Weak Reference
    _get_lc_monetary                          - Undefined Weak Reference
    _get_lc_numeric                           - Undefined Weak Reference
    _get_lc_time                              - Undefined Weak Reference
    _getenv_init                              - Undefined Weak Reference
    _handle_redirection                       - Undefined Weak Reference
    _init_alloc                               - Undefined Weak Reference
    _init_user_alloc                          - Undefined Weak Reference
    _initio                                   - Undefined Weak Reference
    _rand_init                                - Undefined Weak Reference
    _signal_finish                            - Undefined Weak Reference
    _signal_init                              - Undefined Weak Reference
    _terminate_alloc                          - Undefined Weak Reference
    _terminate_user_alloc                     - Undefined Weak Reference
    _terminateio                              - Undefined Weak Reference
    Reset_Handler                            0x00000058   ARM Code       0  startup.o(RESET)
    __main                                   0x00000110   ARM Code       8  __main.o(!!!main)
    __scatterload                            0x00000118   ARM Code       0  __scatter.o(!!!scatter)
    __scatterload_rt2                        0x00000118   ARM Code      52  __scatter.o(!!!scatter)
    __scatterload_null                       0x0000012c   ARM Code       0  __scatter.o(!!!scatter)
    __decompress                             0x00000154   ARM Code      96  __dclz77c.o(!!dclz77c)
    __decompress2                            0x00000154   ARM Code       0  __dclz77c.o(!!dclz77c)
    __scatterload_zeroinit                   0x000001b4   ARM Code      44  __scatter_zi.o(!!handler_zi)
    Inline ARM to Thumb Veneer to __rt_lib_init 0x000001e0   ARM Code       8  libinit.o(.ARM.Collect$$libinit$$00000000)
    __rt_lib_init                            0x000001e9   Thumb Code     0  libinit.o(.ARM.Collect$$libinit$$00000000)
    __rt_lib_init_alloca_1                   0x000001eb   Thumb Code     0  libinit2.o(.ARM.Collect$$libinit$$0000002C)
    __rt_lib_init_argv_1                     0x000001eb   Thumb Code     0  libinit2.o(.ARM.Collect$$libinit$$0000002A)
    __rt_lib_init_atexit_1                   0x000001eb   Thumb Code     0  libinit2.o(.ARM.Collect$$libinit$$00000019)
    __rt_lib_init_clock_1                    0x000001eb   Thumb Code     0  libinit2.o(.ARM.Collect$$libinit$$0000001F)
    __rt_lib_init_cpp_1                      0x000001eb   Thumb Code     0  libinit2.o(.ARM.Collect$$libinit$$00000030)
    __rt_lib_init_exceptions_1               0x000001eb   Thumb Code     0  libinit2.o(.ARM.Collect$$libinit$$0000002E)
    __rt_lib_init_fp_1                       0x000001eb   Thumb Code     0  libinit2.o(.ARM.Collect$$libinit$$00000002)
    __rt_lib_init_fp_trap_1                  0x000001eb   Thumb Code     0  libinit2.o(.ARM.Collect$$libinit$$0000001D)
    __rt_lib_init_getenv_1                   0x000001eb   Thumb Code     0  libinit2.o(.ARM.Collect$$libinit$$00000021)
    __rt_lib_init_heap_1                     0x000001eb   Thumb Code     0  libinit2.o(.ARM.Collect$$libinit$$00000008)
    __rt_lib_init_lc_collate_1               0x000001eb   Thumb Code     0  libinit2.o(.ARM.Collect$$libinit$$0000000F)
    __rt_lib_init_lc_ctype_1                 0x000001eb   Thumb Code     0  libinit2.o(.ARM.Collect$$libinit$$00000011)
    __rt_lib_init_lc_monetary_1              0x000001eb   Thumb Code     0  libinit2.o(.ARM.Collect$$libinit$$00000013)
    __rt_lib_init_lc_numeric_1               0x000001eb   Thumb Code     0  libinit2.o(.ARM.Collect$$libinit$$00000015)
    __rt_lib_init_lc_time_1                  0x000001eb   Thumb Code     0  libinit2.o(.ARM.Collect$$libinit$$00000017)
    __rt_lib_init_rand_1                     0x000001eb   Thumb Code     0  libinit2.o(.ARM.Collect$$libinit$$0000000C)
    __rt_lib_init_return                     0x000001eb   Thumb Code     0  libinit2.o(.ARM.Collect$$libinit$$00000031)
    __rt_lib_init_signal_1                   0x000001eb   Thumb Code     0  libinit2.o(.ARM.Collect$$libinit$$0000001B)
    __rt_lib_init_stdio_1                    0x000001eb   Thumb Code     0  libinit2.o(.ARM.Collect$$libinit$$00000023)
    __rt_lib_init_user_alloc_1               0x000001eb   Thumb Code     0  libinit2.o(.ARM.Collect$$libinit$$0000000A)
    Inline ARM to Thumb Veneer to __rt_lib_shutdown 0x000001f8   ARM Code       8  libshutdown.o(.ARM.Collect$$libshutdown$$00000000)
    __rt_lib_shutdown                        0x00000201   Thumb Code     0  libshutdown.o(.ARM.Collect$$libshutdown$$00000000)
    __rt_lib_shutdown_fp_trap_1              0x00000205   Thumb Code     0  libshutdown2.o(.ARM.Collect$$libshutdown$$00000006)
    __rt_lib_shutdown_heap_1                 0x00000205   Thumb Code     0  libshutdown2.o(.ARM.Collect$$libshutdown$$0000000E)
    __rt_lib_shutdown_return                 0x00000205   Thumb Code     0  libshutdown2.o(.ARM.Collect$$libshutdown$$0000000F)
    __rt_lib_shutdown_signal_1               0x00000205   Thumb Code     0  libshutdown2.o(.ARM.Collect$$libshutdown$$00000009)
    __rt_lib_shutdown_stdio_1                0x00000205   Thumb Code     0  libshutdown2.o(.ARM.Collect$$libshutdown$$00000003)
    __rt_lib_shutdown_user_alloc_1           0x00000205   Thumb Code     0  libshutdown2.o(.ARM.Collect$$libshutdown$$0000000B)
    __rt_entry                               0x0000020c   ARM Code       0  rtentry.o(.ARM.Collect$$rtentry$$00000000)
    __rt_entry_presh_1                       0x0000020c   ARM Code       0  rtentry2.o(.ARM.Collect$$rtentry$$00000002)
    __rt_entry_sh                            0x0000020c   ARM Code       0  rtentry4.o(.ARM.Collect$$rtentry$$00000004)
    __rt_entry_li                            0x00000214   ARM Code       0  rtentry2.o(.ARM.Collect$$rtentry$$0000000A)
    __rt_entry_postsh_1                      0x00000214   ARM Code       0  rtentry2.o(.ARM.Collect$$rtentry$$00000009)
    __rt_entry_main                          0x00000218   ARM Code       0  rtentry2.o(.ARM.Collect$$rtentry$$0000000D)
    __rt_entry_postli_1                      0x00000218   ARM Code       0  rtentry2.o(.ARM.Collect$$rtentry$$0000000C)
    Inline Thumb to ARM Veneer to __rt_exit  0x00000241   Thumb Code     4  rtexit.o(.ARM.Collect$$rtexit$$00000000)
    __rt_exit                                0x00000244   ARM Code       0  rtexit.o(.ARM.Collect$$rtexit$$00000000)
    __rt_exit_ls                             0x00000248   ARM Code       0  rtexit2.o(.ARM.Collect$$rtexit$$00000003)
    __rt_exit_prels_1                        0x00000248   ARM Code       0  rtexit2.o(.ARM.Collect$$rtexit$$00000002)
    __rt_exit_exit                           0x0000024c   ARM Code       0  rtexit2.o(.ARM.Collect$$rtexit$$00000004)
    __user_initial_stackheap                 0x00000254   ARM Code       0  startup.o(.text)
    RTC_Init                                 0x00000274   ARM Code      40  rtc.o(.text)
    GetRTCTimeInfo                           0x0000029c   ARM Code      40  rtc.o(.text)
    DisplayRTCTime                           0x000002c4   ARM Code     204  rtc.o(.text)
    GetRTCDateInfo                           0x00000390   ARM Code      40  rtc.o(.text)
    DisplayRTCDate                           0x000003b8   ARM Code     160  rtc.o(.text)
    SetRTCTimeInfo                           0x00000458   ARM Code      20  rtc.o(.text)
    SetRTCDateInfo                           0x0000046c   ARM Code      20  rtc.o(.text)
    GetRTCDay                                0x00000480   ARM Code      16  rtc.o(.text)
    DisplayRTCDay                            0x00000490   ARM Code      36  rtc.o(.text)
    SetRTCDay                                0x000004b4   ARM Code      12  rtc.o(.text)
    Writelcd                                 0x000004cc   ARM Code      88  lcd.o(.text)
    Cmdlcd                                   0x00000524   ARM Code      36  lcd.o(.text)
    Initlcd                                  0x00000548   ARM Code     124  lcd.o(.text)
    Charlcd                                  0x000005c4   ARM Code      36  lcd.o(.text)
    Strlcd                                   0x000005e8   ARM Code      40  lcd.o(.text)
    U32lcd                                   0x00000610   ARM Code     120  lcd.o(.text)
    S32lcd                                   0x00000688   ARM Code      44  lcd.o(.text)
    F32lcd                                   0x000006b4   ARM Code     156  lcd.o(.text)
    delay_us                                 0x00000758   ARM Code      28  delay.o(.text)
    delay_ms                                 0x00000774   ARM Code      28  delay.o(.text)
    delay_s                                  0x00000790   ARM Code      28  delay.o(.text)
    msg_scroll                               0x000007b4   ARM Code      88  new.o(.text)
    main                                     0x0000080c   ARM Code     632  new.o(.text)
    Init_ADC                                 0x00000aa8   ARM Code      40  adc.o(.text)
    Read_ADC                                 0x00000ad0   ARM Code     184  adc.o(.text)
    Read_LM35                                0x00000b98   ARM Code      96  lm35.o(.text)
    cfgportpin                               0x00000c04   ARM Code     136  pin_connect_block.o(.text)
    eint0_isr                                0x00000c90   ARM Code      60  extint0.o(.text)
    eint0_enable                             0x00000ccc   ARM Code     132  extint0.o(.text)
    initkpm                                  0x00000d5c   ARM Code      24  kpm.o(.text)
    colscan                                  0x00000d74   ARM Code      40  kpm.o(.text)
    rowcheck                                 0x00000d9c   ARM Code     112  kpm.o(.text)
    colcheck                                 0x00000e0c   ARM Code      56  kpm.o(.text)
    key_scan                                 0x00000e44   ARM Code      60  kpm.o(.text)
    readnum                                  0x00000e88   ARM Code     216  admin_mode.o(.text)
    msg_disable                              0x00000f60   ARM Code     160  admin_mode.o(.text)
    msg_enable                               0x00001000   ARM Code     160  admin_mode.o(.text)
    admin_mode                               0x000010a0   ARM Code     864  admin_mode.o(.text)
    __aeabi_idiv                             0x00001434   ARM Code       0  aeabi_sdiv.o(.text)
    __aeabi_idivmod                          0x00001434   ARM Code     384  aeabi_sdiv.o(.text)
    __use_two_region_memory                  0x000015b5   Thumb Code     2  heapauxi.o(.text)
    __rt_heap_escrow$2region                 0x000015b7   Thumb Code     2  heapauxi.o(.text)
    __rt_heap_expand$2region                 0x000015b9   Thumb Code     2  heapauxi.o(.text)
    __user_setup_stackheap                   0x000015bc   ARM Code      96  sys_stackheap_outer.o(.text)
    exit                                     0x0000161d   Thumb Code    12  exit.o(.text)
    __user_libspace                          0x00001628   ARM Code      12  libspace.o(.text)
    __user_perproc_libspace                  0x00001628   ARM Code       0  libspace.o(.text)
    __user_perthread_libspace                0x00001628   ARM Code       0  libspace.o(.text)
    Inline ARM to Thumb Veneer to _sys_exit  0x00001634   ARM Code       8  sys_exit.o(.text)
    _sys_exit                                0x0000163d   Thumb Code     8  sys_exit.o(.text)
    __I$use$semihosting                      0x00001648   ARM Code       0  use_no_semi.o(.text)
    __use_no_semihosting_swi                 0x00001648   ARM Code       4  use_no_semi.o(.text)
    __aeabi_uidiv                            0x0000164c   ARM Code       0  aeabi_sdiv.o(.text_udiv)
    __aeabi_uidivmod                         0x0000164c   ARM Code      36  aeabi_sdiv.o(.text_udiv)
    __semihosting_library_function           0x0000164c   ARM Code       0  indicate_semi.o(.text)
    __aeabi_d2f                              0x00001670   ARM Code       0  d2f.o(x$fpl$d2f)
    _d2f                                     0x00001670   ARM Code     108  d2f.o(x$fpl$d2f)
    __aeabi_i2d                              0x000016dc   ARM Code       0  dflt_noclz.o(x$fpl$dflt)
    _dflt                                    0x000016dc   ARM Code      88  dflt_noclz.o(x$fpl$dflt)
    __dflt_normalise                         0x000016ec   ARM Code       0  dflt_noclz.o(x$fpl$dflt)
    __aeabi_ui2d                             0x00001734   ARM Code       0  dflt_noclz.o(x$fpl$dfltu)
    _dfltu                                   0x00001734   ARM Code      12  dflt_noclz.o(x$fpl$dfltu)
    __aeabi_dmul                             0x00001740   ARM Code       0  dmul.o(x$fpl$dmul)
    _dmul                                    0x00001740   ARM Code     372  dmul.o(x$fpl$dmul)
    __fpl_dnaninf                            0x000018c0   ARM Code     192  dnaninf.o(x$fpl$dnaninf)
    __fpl_dretinf                            0x00001980   ARM Code      16  dretinf.o(x$fpl$dretinf)
    __aeabi_fadd                             0x00001990   ARM Code       0  faddsub_noclz.o(x$fpl$fadd)
    _fadd                                    0x00001990   ARM Code     196  faddsub_noclz.o(x$fpl$fadd)
    __fpl_fcmp_Inf                           0x00001a54   ARM Code      28  fcmpi.o(x$fpl$fcmpinf)
    __aeabi_f2uiz                            0x00001a70   ARM Code       0  ffixu.o(x$fpl$ffixu)
    _ffixu                                   0x00001a70   ARM Code      84  ffixu.o(x$fpl$ffixu)
    __aeabi_i2f                              0x00001ac4   ARM Code       0  fflt_noclz.o(x$fpl$fflt)
    _fflt                                    0x00001ac4   ARM Code      92  fflt_noclz.o(x$fpl$fflt)
    __fflt_normalise                         0x00001ad0   ARM Code       0  fflt_noclz.o(x$fpl$fflt)
    __aeabi_ui2f                             0x00001b20   ARM Code       0  fflt_noclz.o(x$fpl$ffltu)
    _ffltu                                   0x00001b20   ARM Code       8  fflt_noclz.o(x$fpl$ffltu)
    __aeabi_cfcmple                          0x00001b28   ARM Code       0  fleqf.o(x$fpl$fleqf)
    _fcmple                                  0x00001b28   ARM Code     132  fleqf.o(x$fpl$fleqf)
    __fpl_fcmple_InfNaN                      0x00001b94   ARM Code       0  fleqf.o(x$fpl$fleqf)
    __aeabi_fmul                             0x00001bac   ARM Code       0  fmul.o(x$fpl$fmul)
    _fmul                                    0x00001bac   ARM Code     256  fmul.o(x$fpl$fmul)
    __fpl_fnaninf                            0x00001cac   ARM Code     168  fnaninf.o(x$fpl$fnaninf)
    __fpl_fretinf                            0x00001d54   ARM Code      16  fretinf.o(x$fpl$fretinf)
    __aeabi_frsub                            0x00001d64   ARM Code       0  faddsub_noclz.o(x$fpl$frsb)
    _frsb                                    0x00001d64   ARM Code      20  faddsub_noclz.o(x$fpl$frsb)
    __aeabi_fsub                             0x00001d78   ARM Code       0  faddsub_noclz.o(x$fpl$fsub)
    _fsub                                    0x00001d78   ARM Code     304  faddsub_noclz.o(x$fpl$fsub)
    Region$$Table$$Base                      0x00001ea8   Number         0  anon$$obj.o(Region$$Table)
    __I$use$fp                               0x00001ea8   Number         0  usenofp.o(x$fpl$usenofp)
    Region$$Table$$Limit                     0x00001ec8   Number         0  anon$$obj.o(Region$$Table)
    week                                     0x40000000   Data          28  rtc.o(.data)
    admin_flag                               0x4000001c   Data           1  new.o(.data)
    messageList                              0x40000020   Data         920  new.o(.data)
    tdegc                                    0x400003bc   Data           4  lm35.o(.data)
    kpmlut                                   0x400003c0   Data          16  kpm.o(.data)
    pass                                     0x400003d0   Data           4  admin_mode.o(.data)
    option                                   0x400003d4   Data           1  admin_mode.o(.data)
    hour                                     0x400003d8   Data           4  admin_mode.o(.data)
    min                                      0x400003dc   Data           4  admin_mode.o(.data)
    sec                                      0x400003e0   Data           4  admin_mode.o(.data)
    date                                     0x400003e4   Data           4  admin_mode.o(.data)
    month                                    0x400003e8   Data           4  admin_mode.o(.data)
    year                                     0x400003ec   Data           4  admin_mode.o(.data)
    __libspace_start                         0x400003f0   Data          96  libspace.o(.bss)
    __temporary_stack_top$libspace           0x40000450   Data           0  libspace.o(.bss)



==============================================================================

Memory Map of the image

  Image Entry point : 0x00000110

  Load Region LR_IROM1 (Base: 0x00000000, Size: 0x000022b8, Max: 0x00040000, ABSOLUTE, COMPRESSED[0x000020a8])

    Execution Region ER_IROM1 (Base: 0x00000000, Size: 0x00001ec8, Max: 0x00040000, ABSOLUTE)

    Base Addr    Size         Type   Attr      Idx    E Section Name        Object

    0x00000000   0x00000110   Code   RO            3    RESET               startup.o
    0x00000110   0x00000008   Code   RO          227  * !!!main             c_t.l(__main.o)
    0x00000118   0x0000003c   Code   RO          432    !!!scatter          c_t.l(__scatter.o)
    0x00000154   0x00000060   Code   RO          430    !!dclz77c           c_t.l(__dclz77c.o)
    0x000001b4   0x0000002c   Code   RO          434    !!handler_zi        c_t.l(__scatter_zi.o)
    0x000001e0   0x00000008   Ven    RO          301    .ARM.Collect$$libinit$$00000000  c_t.l(libinit.o)
    0x000001e8   0x00000002   Code   RO          301    .ARM.Collect$$libinit$$00000000  c_t.l(libinit.o)
    0x000001ea   0x00000000   Code   RO          314    .ARM.Collect$$libinit$$00000002  c_t.l(libinit2.o)
    0x000001ea   0x00000000   Code   RO          317    .ARM.Collect$$libinit$$00000008  c_t.l(libinit2.o)
    0x000001ea   0x00000000   Code   RO          319    .ARM.Collect$$libinit$$0000000A  c_t.l(libinit2.o)
    0x000001ea   0x00000000   Code   RO          321    .ARM.Collect$$libinit$$0000000C  c_t.l(libinit2.o)
    0x000001ea   0x00000000   Code   RO          324    .ARM.Collect$$libinit$$0000000F  c_t.l(libinit2.o)
    0x000001ea   0x00000000   Code   RO          326    .ARM.Collect$$libinit$$00000011  c_t.l(libinit2.o)
    0x000001ea   0x00000000   Code   RO          328    .ARM.Collect$$libinit$$00000013  c_t.l(libinit2.o)
    0x000001ea   0x00000000   Code   RO          330    .ARM.Collect$$libinit$$00000015  c_t.l(libinit2.o)
    0x000001ea   0x00000000   Code   RO          332    .ARM.Collect$$libinit$$00000017  c_t.l(libinit2.o)
    0x000001ea   0x00000000   Code   RO          334    .ARM.Collect$$libinit$$00000019  c_t.l(libinit2.o)
    0x000001ea   0x00000000   Code   RO          336    .ARM.Collect$$libinit$$0000001B  c_t.l(libinit2.o)
    0x000001ea   0x00000000   Code   RO          338    .ARM.Collect$$libinit$$0000001D  c_t.l(libinit2.o)
    0x000001ea   0x00000000   Code   RO          340    .ARM.Collect$$libinit$$0000001F  c_t.l(libinit2.o)
    0x000001ea   0x00000000   Code   RO          342    .ARM.Collect$$libinit$$00000021  c_t.l(libinit2.o)
    0x000001ea   0x00000000   Code   RO          344    .ARM.Collect$$libinit$$00000023  c_t.l(libinit2.o)
    0x000001ea   0x00000000   Code   RO          348    .ARM.Collect$$libinit$$0000002A  c_t.l(libinit2.o)
    0x000001ea   0x00000000   Code   RO          350    .ARM.Collect$$libinit$$0000002C  c_t.l(libinit2.o)
    0x000001ea   0x00000000   Code   RO          352    .ARM.Collect$$libinit$$0000002E  c_t.l(libinit2.o)
    0x000001ea   0x00000000   Code   RO          354    .ARM.Collect$$libinit$$00000030  c_t.l(libinit2.o)
    0x000001ea   0x0000000c   Code   RO          355    .ARM.Collect$$libinit$$00000031  c_t.l(libinit2.o)
    0x000001f6   0x00000002   PAD
    0x000001f8   0x00000008   Ven    RO          388    .ARM.Collect$$libshutdown$$00000000  c_t.l(libshutdown.o)
    0x00000200   0x00000004   Code   RO          388    .ARM.Collect$$libshutdown$$00000000  c_t.l(libshutdown.o)
    0x00000204   0x00000000   Code   RO          415    .ARM.Collect$$libshutdown$$00000003  c_t.l(libshutdown2.o)
    0x00000204   0x00000000   Code   RO          418    .ARM.Collect$$libshutdown$$00000006  c_t.l(libshutdown2.o)
    0x00000204   0x00000000   Code   RO          421    .ARM.Collect$$libshutdown$$00000009  c_t.l(libshutdown2.o)
    0x00000204   0x00000000   Code   RO          423    .ARM.Collect$$libshutdown$$0000000B  c_t.l(libshutdown2.o)
    0x00000204   0x00000000   Code   RO          426    .ARM.Collect$$libshutdown$$0000000E  c_t.l(libshutdown2.o)
    0x00000204   0x00000006   Code   RO          427    .ARM.Collect$$libshutdown$$0000000F  c_t.l(libshutdown2.o)
    0x0000020a   0x00000002   PAD
    0x0000020c   0x00000000   Code   RO          255    .ARM.Collect$$rtentry$$00000000  c_t.l(rtentry.o)
    0x0000020c   0x00000000   Code   RO          272    .ARM.Collect$$rtentry$$00000002  c_t.l(rtentry2.o)
    0x0000020c   0x00000008   Code   RO          284    .ARM.Collect$$rtentry$$00000004  c_t.l(rtentry4.o)
    0x00000214   0x00000000   Code   RO          274    .ARM.Collect$$rtentry$$00000009  c_t.l(rtentry2.o)
    0x00000214   0x00000004   Code   RO          275    .ARM.Collect$$rtentry$$0000000A  c_t.l(rtentry2.o)
    0x00000218   0x00000000   Code   RO          277    .ARM.Collect$$rtentry$$0000000C  c_t.l(rtentry2.o)
    0x00000218   0x00000028   Code   RO          278    .ARM.Collect$$rtentry$$0000000D  c_t.l(rtentry2.o)
    0x00000240   0x00000004   Ven    RO          305    .ARM.Collect$$rtexit$$00000000  c_t.l(rtexit.o)
    0x00000244   0x00000004   Code   RO          305    .ARM.Collect$$rtexit$$00000000  c_t.l(rtexit.o)
    0x00000248   0x00000000   Code   RO          359    .ARM.Collect$$rtexit$$00000002  c_t.l(rtexit2.o)
    0x00000248   0x00000004   Code   RO          360    .ARM.Collect$$rtexit$$00000003  c_t.l(rtexit2.o)
    0x0000024c   0x00000008   Code   RO          361    .ARM.Collect$$rtexit$$00000004  c_t.l(rtexit2.o)
    0x00000254   0x00000020   Code   RO            4    .text               startup.o
    0x00000274   0x00000258   Code   RO           11    .text               rtc.o
    0x000004cc   0x0000028c   Code   RO           41    .text               lcd.o
    0x00000758   0x0000005c   Code   RO           64    .text               delay.o
    0x000007b4   0x000002f4   Code   RO           76    .text               new.o
    0x00000aa8   0x000000f0   Code   RO          108    .text               adc.o
    0x00000b98   0x0000006c   Code   RO          128    .text               lm35.o
    0x00000c04   0x0000008c   Code   RO          143    .text               pin_connect_block.o
    0x00000c90   0x000000cc   Code   RO          158    .text               extint0.o
    0x00000d5c   0x0000012c   Code   RO          171    .text               kpm.o
    0x00000e88   0x000005ac   Code   RO          189    .text               admin_mode.o
    0x00001434   0x00000180   Code   RO          209    .text               c_t.l(aeabi_sdiv.o)
    0x000015b4   0x00000006   Code   RO          225    .text               c_t.l(heapauxi.o)
    0x000015ba   0x00000002   PAD
    0x000015bc   0x00000060   Code   RO          288    .text               c_t.l(sys_stackheap_outer.o)
    0x0000161c   0x0000000c   Code   RO          290    .text               c_t.l(exit.o)
    0x00001628   0x0000000c   Code   RO          302    .text               c_t.l(libspace.o)
    0x00001634   0x00000008   Ven    RO          356    .text               c_t.l(sys_exit.o)
    0x0000163c   0x0000000c   Code   RO          356    .text               c_t.l(sys_exit.o)
    0x00001648   0x00000004   Code   RO          377    .text               c_t.l(use_no_semi.o)
    0x0000164c   0x00000000   Code   RO          379    .text               c_t.l(indicate_semi.o)
    0x0000164c   0x00000024   Code   RO          210    .text_udiv          c_t.l(aeabi_sdiv.o)
    0x00001670   0x0000006c   Code   RO          229    x$fpl$d2f           fz_ts.l(d2f.o)
    0x000016dc   0x00000058   Code   RO          232    x$fpl$dflt          fz_ts.l(dflt_noclz.o)
    0x00001734   0x0000000c   Code   RO          231    x$fpl$dfltu         fz_ts.l(dflt_noclz.o)
    0x00001740   0x00000180   Code   RO          235    x$fpl$dmul          fz_ts.l(dmul.o)
    0x000018c0   0x000000c0   Code   RO          260    x$fpl$dnaninf       fz_ts.l(dnaninf.o)
    0x00001980   0x00000010   Code   RO          262    x$fpl$dretinf       fz_ts.l(dretinf.o)
    0x00001990   0x000000c4   Code   RO          237    x$fpl$fadd          fz_ts.l(faddsub_noclz.o)
    0x00001a54   0x0000001c   Code   RO          264    x$fpl$fcmpinf       fz_ts.l(fcmpi.o)
    0x00001a70   0x00000054   Code   RO          243    x$fpl$ffixu         fz_ts.l(ffixu.o)
    0x00001ac4   0x0000005c   Code   RO          248    x$fpl$fflt          fz_ts.l(fflt_noclz.o)
    0x00001b20   0x00000008   Code   RO          247    x$fpl$ffltu         fz_ts.l(fflt_noclz.o)
    0x00001b28   0x00000084   Code   RO          251    x$fpl$fleqf         fz_ts.l(fleqf.o)
    0x00001bac   0x00000100   Code   RO          253    x$fpl$fmul          fz_ts.l(fmul.o)
    0x00001cac   0x000000a8   Code   RO          266    x$fpl$fnaninf       fz_ts.l(fnaninf.o)
    0x00001d54   0x00000010   Code   RO          268    x$fpl$fretinf       fz_ts.l(fretinf.o)
    0x00001d64   0x00000014   Code   RO          238    x$fpl$frsb          fz_ts.l(faddsub_noclz.o)
    0x00001d78   0x00000130   Code   RO          239    x$fpl$fsub          fz_ts.l(faddsub_noclz.o)
    0x00001ea8   0x00000000   Code   RO          270    x$fpl$usenofp       fz_ts.l(usenofp.o)
    0x00001ea8   0x00000020   Data   RO          428    Region$$Table       anon$$obj.o


    Execution Region RW_IRAM1 (Base: 0x40000000, Size: 0x000008d8, Max: 0x00004000, ABSOLUTE, COMPRESSED[0x000001e0])

    Base Addr    Size         Type   Attr      Idx    E Section Name        Object

    0x40000000   0x0000001c   Data   RW           12    .data               rtc.o
    0x4000001c   0x0000039c   Data   RW           77    .data               new.o
    0x400003b8   0x00000008   Data   RW          129    .data               lm35.o
    0x400003c0   0x00000010   Data   RW          172    .data               kpm.o
    0x400003d0   0x00000020   Data   RW          190    .data               admin_mode.o
    0x400003f0   0x00000060   Zero   RW          303    .bss                c_t.l(libspace.o)
    0x40000450   0x00000000   Zero   RW            2    HEAP                startup.o
    0x40000450   0x00000488   Zero   RW            1    STACK               startup.o


==============================================================================

Image component sizes


      Code (inc. data)   RO Data    RW Data    ZI Data      Debug   Object Name

       240         16          0          0          0       1364   adc.o
      1452        312          0         32          0       2849   admin_mode.o
        92          8          0          0          0        608   delay.o
       204         12          0          0          0        589   extint0.o
       300          8          0         16          0       1534   kpm.o
       652          8          0          0          0       2410   lcd.o
       108         12          0          8          0        564   lm35.o
       756         36          0        924          0       2599   new.o
       140          4          0          0          0        521   pin_connect_block.o
       600         12          0         28          0       4406   rtc.o
       304         60          0          0       1160        420   startup.o

    ----------------------------------------------------------------------
      4848        488         32       1008       1160      17864   Object Totals
         0          0         32          0          0          0   (incl. Generated)
         0          0          0          0          0          0   (incl. Padding)

    ----------------------------------------------------------------------

      Code (inc. data)   RO Data    RW Data    ZI Data      Debug   Library Member Name

        96          2          0          0          0          0   __dclz77c.o
         8          0          0          0          0         68   __main.o
        60          8          0          0          0          0   __scatter.o
        44          0          0          0          0          0   __scatter_zi.o
       420          0          0          0          0        148   aeabi_sdiv.o
        12          0          0          0          0         64   exit.o
         6          0          0          0          0        136   heapauxi.o
         0          0          0          0          0          0   indicate_semi.o
        10          0          0          0          0          0   libinit.o
        12          0          0          0          0          0   libinit2.o
        12          0          0          0          0          0   libshutdown.o
         6          0          0          0          0          0   libshutdown2.o
        12          4          0          0         96         68   libspace.o
         0          0          0          0          0          0   rtentry.o
        44          4          0          0          0          0   rtentry2.o
         8          0          0          0          0          0   rtentry4.o
         8          0          0          0          0          0   rtexit.o
        12          0          0          0          0          0   rtexit2.o
        20          4          0          0          0         60   sys_exit.o
        96          0          0          0          0         80   sys_stackheap_outer.o
         4          0          0          0          0         68   use_no_semi.o
       108          4          0          0          0         92   d2f.o
       100          0          0          0          0        136   dflt_noclz.o
       384         16          0          0          0        124   dmul.o
       192          0          0          0          0        108   dnaninf.o
        16          0          0          0          0         68   dretinf.o
       520          8          0          0          0        236   faddsub_noclz.o
        28          0          0          0          0         68   fcmpi.o
        84          4          0          0          0         84   ffixu.o
       100          0          0          0          0        136   fflt_noclz.o
       132          4          0          0          0         84   fleqf.o
       256          4          0          0          0         84   fmul.o
       168          0          0          0          0         96   fnaninf.o
        16          0          0          0          0         68   fretinf.o
         0          0          0          0          0          0   usenofp.o

    ----------------------------------------------------------------------
      3000         62          0          0         96       2076   Library Totals
         6          0          0          0          0          0   (incl. Padding)

    ----------------------------------------------------------------------

      Code (inc. data)   RO Data    RW Data    ZI Data      Debug   Library Name

       890         22          0          0         96        692   c_t.l
      2104         40          0          0          0       1384   fz_ts.l

    ----------------------------------------------------------------------
      3000         62          0          0         96       2076   Library Totals

    ----------------------------------------------------------------------

==============================================================================


      Code (inc. data)   RO Data    RW Data    ZI Data      Debug   

      7848        550         32       1008       1256      18136   Grand Totals
      7848        550         32        480       1256      18136   ELF Image Totals (compressed)
      7848        550         32        480          0          0   ROM Totals

==============================================================================

    Total RO  Size (Code + RO Data)                 7880 (   7.70kB)
    Total RW  Size (RW Data + ZI Data)              2264 (   2.21kB)
    Total ROM Size (Code + RO Data + RW Data)       8360 (   8.16kB)

==============================================================================

