<html>
<body>
<pre>
<h1>µVision Build Log</h1>
<h2>Project:</h2>
D:\C51\Examples\HELLO\ALPHANUMERIC_CHAR_LCD.uvproj
Project File Date:  08/05/2025

<h2>Output:</h2>
Rebuild target 'Target 1'
assembling Startup.s...
compiling lcd.c...
compiling delay.c...
compiling rtc.c...
compiling scroll_msg_lcd.c...
linking...
Program Size: Code=3416 RO-data=32 RW-data=20 ZI-data=1260  
FromELF: creating hex file...
".\lcd_prime.axf" - 0 Error(s), 0 Warning(s).
</pre>
</body>
</html>
data=20 ZI-data=1260  
FromELF: creating hex file...
".\lcd_prime.axf" - 0 Error(s), 1 Warning(s).
                                                                                                                                                                        ~          
scroll_msg_lcd.c(36): error:  #169: expected a declaration
                                                                                                                                                                                                                                                                                                                                                                                ~          
scroll_msg_lcd.c: 1 warning, 1 error
".\lcd_prime.axf" - 1 Error(s), 1 Warning(s).
Target not created
