<html>
<body>
<pre>
<h1>µVision Build Log</h1>
<h2>Project:</h2>
D:\C51\Examples\HELLO\RTC.uvproj
Project File Date:  07/29/2025

<h2>Output:</h2>
Rebuild target 'Target 1'
assembling Startup.s...
compiling rtc.c...
compiling rtc_main.c...
compiling delay.c...
compiling lcd.c...
linking...
Program Size: Code=4024 RO-data=32 RW-data=56 ZI-data=1256  
FromELF: creating hex file...
".\rtc_test.axf" - 0 Error(s), 0 Warning(s).
" - 1 Error(s), 0 Warning(s).
Target not created
om rtc.o).
.\RTC.axf: Error: L6218E: Undefined symbol Initlcd (referred from rtc_main.o).
Not enough information to list image symbols.
Finished: 1 information, 0 warning and 4 error messages.
".\RTC.axf" - 4 Error(s), 0 Warning(s).
Target not created
RTC.axf" - 5 Error(s), 0 Warning(s).
Target not created
