<html>
<body>
<pre>
<h1>µVision Build Log</h1>
<h2>Project:</h2>
D:\C51\Examples\HELLO\KPM.uvproj
Project File Date:  08/08/2025

<h2>Output:</h2>
Rebuild target 'Target 1'
assembling Startup.s...
compiling kpm.c...
compiling lcd.c...
compiling delay.c...
compiling read_num_kpm.c...
compiling binary_eq_kpm.c...
linking...
Program Size: Code=3848 RO-data=32 RW-data=24 ZI-data=1256  
FromELF: creating hex file...
".\binary_eq.axf" - 0 Error(s), 0 Warning(s).
</pre>
</body>
</html>
 ZI-data=1256  
FromELF: creating hex file...
".\sample222222.axf" - 0 Error(s), 1 Warning(s).
mbols.
Not enough information to list the image map.
Finished: 2 information, 0 warning and 2 error messages.
".\sample222222.axf" - 2 Error(s), 0 Warning(s).
Target not created
f" - 2 Error(s), 3 Warning(s).
Target not created
At end of source:  #12-D: parsing restarts here after previous syntax error
calculator.c: 2 warnings, 1 error
compiling kpm.c...
compiling lcd.c...
compiling delay.c...
".\sample222222.axf" - 1 Error(s), 2 Warning(s).
Target not created
