<html>
<body>
<pre>
<h1>µVision Build Log</h1>
<h2>Project:</h2>
D:\C51\Examples\HELLO\LED_7SEG_DISPLAY.uvproj
Project File Date:  06/27/2025

<h2>Output:</h2>
Rebuild target 'Target 1'
assembling Startup.s...
compiling delay.c...
compiling seg.c...
compiling secs_timer_mux_segs11.c...
linking...
Program Size: Code=1660 RO-data=28 RW-data=0 ZI-data=1256  
FromELF: creating hex file...
".\secs_timer222.axf" - 0 Error(s), 0 Warning(s).

rogram Size: Code=1660 RO-data=28 RW-data=0 ZI-data=1256  
FromELF: creating hex file...
".\secs_timer1111.axf" - 0 Error(s), 1 Warning(s).
eated
x_segs11.c(50): error: At end of source:  #67: expected a "}"
secs_timer_mux_segs11.c: 2 warnings, 2 errors
".\secs_timer1111.axf" - 2 Error(s), 2 Warning(s).
Target not created
