<html>
<body>
<pre>
<h1>µVision Build Log</h1>
<h2>Project:</h2>
D:\C51\Examples\HELLO\ASG_7SEG.uvproj
Project File Date:  07/01/2025

<h2>Output:</h2>
Rebuild target 'Target 1'
assembling Startup.s...
compiling delay.c...
compiling 7seg_asg_cnt.c...
linking...
Program Size: Code=1548 RO-data=44 RW-data=12 ZI-data=1260  
FromELF: creating hex file...
".\7seg_asg_cnt.axf" - 0 Error(s), 0 Warning(s).
</pre>
</body>
</html>
ven_seg_asg3.axf" - 1 Error(s), 0 Warning(s).
Target not created
