<html>
<body>
<pre>
<h1>µVision Build Log</h1>
<h2>Project:</h2>
D:\C51\Examples\HELLO\SWITCHES_ASG_PART1.uvproj
Project File Date:  06/20/2025

<h2>Output:</h2>
Rebuild target 'Target 1'
assembling Startup.s...
compiling switch_asg_5.c...
linking...
Program Size: Code=824 RO-data=16 RW-data=0 ZI-data=1256  
".\switch_asg5.c" - 0 Error(s), 0 Warning(s).
#12-D: parsing restarts here after previous syntax error
        }
switch_asg_5.c: 1 warning, 1 error
".\switch_asg5.c" - 1 Error(s), 1 Warning(s).
Target not created
Error: Could not load file 'D:\C51\Examples\HELLO\switch_asg5.c'. Debugger aborted !
