<html>
<body>
<pre>
<h1>µVision Build Log</h1>
<h2>Project:</h2>
D:\C51\Examples\HELLO\SWITCHES.uvproj
Project File Date:  06/18/2025

<h2>Output:</h2>
Rebuild target 'Target 1'
assembling Startup.s...
compiling delay.c...
compiling switch_asg4.c...
linking...
Program Size: Code=768 RO-data=16 RW-data=0 ZI-data=1256  
".\SWITCHES.axf" - 0 Error(s), 0 Warning(s).
</pre>
</body>
</html>
_AL_7);
switch_asg4.c: 0 warnings, 1 error
".\SWITCHES.axf" - 1 Error(s), 0 Warning(s).
Target not created
W_4)&3))?(IOCLR0=1<<LED_AL_7):(IOEL0=1<<LED_AL+7);
switch_asg4.c: 0 warnings, 2 errors
".\SWITCHES.axf" - 2 Error(s), 0 Warning(s).
Target not created
